[06Aug2026 12:15:00.317] [main/INFO] [cpw.mods.modlauncher.Launcher/MODLAUNCHER]: ModLauncher running: args [--launchTarget, forgeclientdev, --version, 21.1.232, --assetIndex, 17, --assetsDir, /home/tillman/.mcreator/gradle/caches/neoformruntime/assets, --gameDir, ., --fml.fmlVersion, 4.0.42, --fml.mcVersion, 1.21.1, --fml.neoForgeVersion, 21.1.232, --fml.neoFormVersion, 20240808.144430]
[06Aug2026 12:15:00.319] [main/INFO] [cpw.mods.modlauncher.Launcher/MODLAUNCHER]: JVM identified as Eclipse Adoptium OpenJDK 64-Bit Server VM 21.0.12+8-LTS
[06Aug2026 12:15:00.320] [main/INFO] [cpw.mods.modlauncher.Launcher/MODLAUNCHER]: ModLauncher 11.0.5+main.901c6ea8 starting: java version 21.0.12 by Eclipse Adoptium; OS Linux arch amd64 version 7.0.0-29-generic
[06Aug2026 12:15:00.452] [main/INFO] [net.neoforged.fml.loading.ImmediateWindowHandler/]: Loading ImmediateWindowProvider fmlearlywindow
[06Aug2026 12:15:00.525] [main/INFO] [EARLYDISPLAY/]: Trying GL version 4.6
[06Aug2026 12:15:00.712] [main/INFO] [EARLYDISPLAY/]: Requested GL version 4.6 got version 4.6
[06Aug2026 12:15:00.779] [main/INFO] [mixin/]: SpongePowered MIXIN Subsystem Version=0.8.7 Source=union:/home/tillman/.mcreator/gradle/caches/modules-2/files-2.1/net.fabricmc/sponge-mixin/0.15.2+mixin.0.8.7/2af2f021d8e02a0220dc27a7a72b4666d66d44ca/sponge-mixin-0.15.2+mixin.0.8.7.jar%23126!/ Service=ModLauncher Env=CLIENT
[06Aug2026 12:15:00.930] [pool-2-thread-1/INFO] [EARLYDISPLAY/]: GL info: NVIDIA GeForce RTX 3060/PCIe/SSE2 GL version 4.6.0 NVIDIA 595.84, NVIDIA Corporation
[06Aug2026 12:15:01.478] [main/INFO] [net.neoforged.fml.loading.moddiscovery.locators.JarInJarDependencyLocator/]: Found 13 dependencies adding them to mods collection
[06Aug2026 12:15:01.479] [main/INFO] [net.neoforged.fml.loading.moddiscovery.ModDiscoverer/]: 
     Mod List:
		Name Version (Mod Id)

		Create 6.0.10 (create)
		Create Aeronautics 1.3.0 (aeronautics)
		Create Aeronautics 1.3.0 (aeronautics_bundled)
		Create Aeronautics Player Tracker 1.0.0 (playertrackingcompass)
		Create Offroad 1.3.0 (offroad)
		Create Simulated 1.3.0 (simulated)
		Flywheel 1.0.6 (flywheel)
		LinearBearing 1.2.6 (linearbearing)
		Minecraft 1.21.1 (minecraft)
		NeoForge 21.1.232 (neoforge)
		PlayerTrackerBlock 1.0.0 (playertracker)
		Ponder 1.0.82+mc1.21.1 (ponder)
		Sable 2.0.3 (sable)
		Sable Companion 1.6.0 (sablecompanion)
		Veil 4.1.4 (veil)
[06Aug2026 12:15:02.041] [main/INFO] [mixin/]: Compatibility level set to JAVA_21
[06Aug2026 12:15:02.086] [main/INFO] [cpw.mods.modlauncher.LaunchServiceHandler/MODLAUNCHER]: Launching target 'forgeclientdev' with arguments [--version, 21.1.232, --gameDir, ., --assetsDir, /home/tillman/.mcreator/gradle/caches/neoformruntime/assets, --assetIndex, 17]
[06Aug2026 12:15:02.142] [main/WARN] [mixin/]: Reference map 'simulated.refmap.json' for simulated.mixins.json could not be read. If this is a development environment you can ignore this message
[06Aug2026 12:15:02.145] [main/WARN] [mixin/]: Reference map 'aeronautics.refmap.json' for aeronautics.mixins.json could not be read. If this is a development environment you can ignore this message
[06Aug2026 12:15:02.156] [main/WARN] [mixin/]: Reference map 'ponder.refmap.json' for ponder-common.mixins.json could not be read. If this is a development environment you can ignore this message
[06Aug2026 12:15:02.165] [main/INFO] [dev.ryanhcode.sable.mixin.AbstractSableMixinPlugin/]: Using Vanilla renderer mixins
[06Aug2026 12:15:02.166] [main/INFO] [dev.ryanhcode.sable.mixin.AbstractSableMixinPlugin/]: Using Vanilla renderer mixins
[06Aug2026 12:15:02.167] [main/WARN] [mixin/]: Reference map 'offroad.refmap.json' for offroad.mixins.json could not be read. If this is a development environment you can ignore this message
[06Aug2026 12:15:02.526] [main/WARN] [mixin/]: Error loading class: net/irisshaders/iris/pipeline/PipelineManager (java.lang.ClassNotFoundException: net.irisshaders.iris.pipeline.PipelineManager)
[06Aug2026 12:15:02.526] [main/WARN] [mixin/]: @Mixin target net.irisshaders.iris.pipeline.PipelineManager was not found veil.neoforge.mixins.json:client.perspective.iris.PipelineManagerMixin from mod veil
[06Aug2026 12:15:02.574] [main/WARN] [mixin/]: Error loading class: mezz/jei/library/plugins/vanilla/ingredients/ItemStackListFactory (java.lang.ClassNotFoundException: mezz.jei.library.plugins.vanilla.ingredients.ItemStackListFactory)
[06Aug2026 12:15:03.083] [main/WARN] [mixin/]: Error loading class: org/jetbrains/annotations/ApiStatus$ScheduledForRemoval (java.lang.ClassNotFoundException: org.jetbrains.annotations.ApiStatus$ScheduledForRemoval)
[06Aug2026 12:15:03.126] [main/INFO] [MixinExtras|Service/]: Initializing MixinExtras via com.llamalad7.mixinextras.service.MixinExtrasServiceImpl(version=0.5.3).
[06Aug2026 12:15:04.230] [Datafixer Bootstrap/INFO] [com.mojang.datafixers.DataFixerBuilder/]: 229 Datafixer optimizations took 211 milliseconds
[06Aug2026 12:15:08.394] [main/WARN] [net.minecraft.commands.Commands/]: Ambiguity between arguments [teleport, location] and [teleport, destination] with inputs: [0.1 -0.5 .9, 0 0 0]
[06Aug2026 12:15:08.395] [main/WARN] [net.minecraft.commands.Commands/]: Ambiguity between arguments [teleport, location] and [teleport, targets] with inputs: [0.1 -0.5 .9, 0 0 0]
[06Aug2026 12:15:08.398] [main/WARN] [net.minecraft.commands.Commands/]: Ambiguity between arguments [teleport, destination] and [teleport, targets] with inputs: [Player, 0123, @e, dd12be42-52a9-4a91-a8a1-11c01849e498]
[06Aug2026 12:15:08.399] [main/WARN] [net.minecraft.commands.Commands/]: Ambiguity between arguments [teleport, targets] and [teleport, destination] with inputs: [Player, 0123, dd12be42-52a9-4a91-a8a1-11c01849e498]
[06Aug2026 12:15:08.400] [main/WARN] [net.minecraft.commands.Commands/]: Ambiguity between arguments [teleport, targets, location] and [teleport, targets, destination] with inputs: [0.1 -0.5 .9, 0 0 0]
[06Aug2026 12:15:08.561] [Render thread/WARN] [net.minecraft.server.packs.VanillaPackResourcesBuilder/]: Assets URL 'union:/home/tillman/Desktop/programmieren/minecraft/MODS/playerTracker/build/moddev/artifacts/neoforge-21.1.232.jar%23182!/assets/.mcassetsroot' uses unexpected schema
[06Aug2026 12:15:08.561] [Render thread/WARN] [net.minecraft.server.packs.VanillaPackResourcesBuilder/]: Assets URL 'union:/home/tillman/Desktop/programmieren/minecraft/MODS/playerTracker/build/moddev/artifacts/neoforge-21.1.232.jar%23182!/data/.mcassetsroot' uses unexpected schema
[06Aug2026 12:15:08.577] [Render thread/INFO] [com.mojang.authlib.yggdrasil.YggdrasilAuthenticationService/]: Environment: Environment[sessionHost=https://sessionserver.mojang.com, servicesHost=https://api.minecraftservices.com, name=PROD]
[06Aug2026 12:15:08.583] [Render thread/INFO] [net.minecraft.client.Minecraft/]: Setting user: Dev
[06Aug2026 12:15:08.655] [Render thread/INFO] [net.minecraft.client.Minecraft/]: Backend library: LWJGL version 3.3.3+5
[06Aug2026 12:15:09.217] [modloading-worker-0/INFO] [Veil/]: Veil is initializing.
[06Aug2026 12:15:09.231] [modloading-worker-0/INFO] [net.neoforged.neoforge.common.NeoForgeMod/NEOFORGE-MOD]: NeoForge mod loading, version 21.1.232, for MC 1.21.1
[06Aug2026 12:15:09.431] [modloading-worker-0/INFO] [com.simibubi.create.Create/]: Create 6.0.10 initializing! Commit hash: ac0c444d9828da3453ae8cc65338e8de063286fb
[06Aug2026 12:15:10.816] [modloading-worker-0/INFO] [dev.ryanhcode.sable.Sable/]: Sable loaded!
[06Aug2026 12:15:10.831] [modloading-worker-0/WARN] [dev.ryanhcode.sable.Sable/]: NOTE: Sable is loaded with Flywheel. Sable contains extensive shader overrides and a full light-storage replacement. Expect this to cause compatibility issues. If issues arise, please report them to the Sable issue tracker (https://github.com/ryanhcode/sable/issues) instead of the Flywheel issue tracker.
[06Aug2026 12:15:12.640] [Render thread/INFO] [Veil/]: GL Debug supported
[06Aug2026 12:15:12.918] [Render thread/INFO] [net.neoforged.neoforge.gametest.GameTestHooks/]: Enabled Gametest Namespaces: []
[06Aug2026 12:15:13.249] [Render thread/INFO] [net.minecraft.server.packs.resources.ReloadableResourceManager/]: Reloading ResourceManager: vanilla, mod_resources, mod/veil, mod/simulated, mod/playertrackingcompass, mod/aeronautics, mod/aeronautics_bundled, mod/sablecompanion, mod/flywheel, mod/ponder, mod/create, mod/sable, mod/linearbearing, mod/offroad, mod/neoforge, mod/playertracker
[06Aug2026 12:15:13.296] [NeoForge Version Check/INFO] [net.neoforged.fml.VersionChecker/]: [create] Starting version check at https://api.modrinth.com/updates/create/forge_updates.json?neoforge=only
[06Aug2026 12:15:13.327] [Worker-Main-4/INFO] [net.minecraft.client.gui.font.providers.UnihexProvider/]: Found unifont_all_no_pua-15.1.05.hex, loading
[06Aug2026 12:15:13.526] [Worker-Main-6/INFO] [net.minecraft.client.gui.font.providers.UnihexProvider/]: Found unifont_jp_patch-15.1.05.hex, loading
[06Aug2026 12:15:14.697] [NeoForge Version Check/INFO] [net.neoforged.fml.VersionChecker/]: [create] Found status: OUTDATED Current: 6.0.10 Target: 6.0.10+mc1.21.1
[06Aug2026 12:15:15.687] [Render thread/INFO] [Veil/]: Loaded 0 shader modifications
[06Aug2026 12:15:15.866] [Render thread/INFO] [Veil/]: Loaded 29 shaders from: pinwheel/shaders/program
[06Aug2026 12:15:16.012] [Worker-Main-7/INFO] [PonderIndex/]: Registering Ponder Scenes took 124.9 ms
[06Aug2026 12:15:16.016] [Worker-Main-7/INFO] [PonderIndex/]: Registering Ponder Tags took 3.814 ms
[06Aug2026 12:15:16.138] [Render thread/WARN] [net.minecraft.client.sounds.SoundEngine/]: Missing sound for event: minecraft:item.goat_horn.play
[06Aug2026 12:15:16.138] [Render thread/WARN] [net.minecraft.client.sounds.SoundEngine/]: Missing sound for event: minecraft:entity.goat.screaming.horn_break
[06Aug2026 12:15:16.186] [Render thread/INFO] [com.mojang.blaze3d.audio.Library/]: OpenAL initialized on device Stream 750 HD llluminated Analog Stereo
[06Aug2026 12:15:16.187] [Render thread/INFO] [net.minecraft.client.sounds.SoundEngine/SOUNDS]: Sound engine started
[06Aug2026 12:15:16.286] [Render thread/INFO] [net.minecraft.client.renderer.texture.TextureAtlas/]: Created: 2048x1024x2 minecraft:textures/atlas/blocks.png-atlas
[06Aug2026 12:15:16.301] [Render thread/INFO] [net.minecraft.client.renderer.texture.TextureAtlas/]: Created: 256x256x2 minecraft:textures/atlas/signs.png-atlas
[06Aug2026 12:15:16.302] [Render thread/INFO] [net.minecraft.client.renderer.texture.TextureAtlas/]: Created: 512x512x2 minecraft:textures/atlas/shield_patterns.png-atlas
[06Aug2026 12:15:16.302] [Render thread/INFO] [net.minecraft.client.renderer.texture.TextureAtlas/]: Created: 512x512x2 minecraft:textures/atlas/banner_patterns.png-atlas
[06Aug2026 12:15:16.303] [Render thread/INFO] [net.minecraft.client.renderer.texture.TextureAtlas/]: Created: 2048x1024x2 minecraft:textures/atlas/armor_trims.png-atlas
[06Aug2026 12:15:16.309] [Render thread/INFO] [net.minecraft.client.renderer.texture.TextureAtlas/]: Created: 128x64x2 minecraft:textures/atlas/decorated_pot.png-atlas
[06Aug2026 12:15:16.310] [Render thread/INFO] [net.minecraft.client.renderer.texture.TextureAtlas/]: Created: 256x256x2 minecraft:textures/atlas/chest.png-atlas
[06Aug2026 12:15:16.310] [Render thread/INFO] [net.minecraft.client.renderer.texture.TextureAtlas/]: Created: 512x256x2 minecraft:textures/atlas/beds.png-atlas
[06Aug2026 12:15:16.310] [Render thread/INFO] [net.minecraft.client.renderer.texture.TextureAtlas/]: Created: 512x256x2 minecraft:textures/atlas/shulker_boxes.png-atlas
[06Aug2026 12:15:16.371] [Render thread/INFO] [net.minecraft.client.renderer.texture.TextureAtlas/]: Created: 512x512x0 minecraft:textures/atlas/particles.png-atlas
[06Aug2026 12:15:16.372] [Render thread/INFO] [net.minecraft.client.renderer.texture.TextureAtlas/]: Created: 512x256x0 minecraft:textures/atlas/paintings.png-atlas
[06Aug2026 12:15:16.373] [Render thread/INFO] [net.minecraft.client.renderer.texture.TextureAtlas/]: Created: 256x128x0 minecraft:textures/atlas/mob_effects.png-atlas
[06Aug2026 12:15:16.373] [Render thread/INFO] [net.minecraft.client.renderer.texture.TextureAtlas/]: Created: 64x64x0 minecraft:textures/atlas/map_decorations.png-atlas
[06Aug2026 12:15:16.373] [Render thread/INFO] [net.minecraft.client.renderer.texture.TextureAtlas/]: Created: 1024x512x0 minecraft:textures/atlas/gui.png-atlas
[06Aug2026 12:15:16.398] [Render thread/WARN] [net.minecraft.client.renderer.ShaderInstance/]: Shader rendertype_entity_translucent_emissive could not find sampler named Sampler2 in the specified shader program.
[06Aug2026 12:15:16.456] [Render thread/INFO] [Veil/]: Loaded 3 framebuffers
[06Aug2026 12:15:16.483] [Render thread/INFO] [Veil/]: Loaded 6 post pipelines
[06Aug2026 12:15:16.492] [Render thread/INFO] [Veil/]: Loaded 4 render types
[06Aug2026 12:15:16.493] [Render thread/INFO] [Veil/]: Enabled bloom pipeline
[06Aug2026 12:15:16.493] [Render thread/INFO] [Veil/]: Loaded 0 quasar particles
[06Aug2026 12:15:16.494] [Render thread/INFO] [Veil/]: Loaded 0 templates
[06Aug2026 12:15:16.494] [Render thread/INFO] [Veil/]: Loaded 0 modules
[06Aug2026 12:15:16.526] [Render thread/INFO] [flywheel/backend/shaders/]: Loaded 77 shader sources in 23.860 ms
[06Aug2026 12:15:16.551] [Render thread/INFO] [com.simibubi.create.Create/]: Loaded 58 train hat configurations.
[06Aug2026 12:15:16.552] [Render thread/INFO] [net.neoforged.neoforge.client.entity.animation.json.AnimationLoader/]: Loaded 0 entity animations
[06Aug2026 12:15:16.618] [Render thread/INFO] [Veil/]: Compiled 58 vanilla shaders in 169.2 ms
[06Aug2026 12:15:17.540] [Render thread/INFO] [Veil/]: Finished uploading vanilla shaders
[06Aug2026 12:15:25.396] [Render thread/INFO] [com.simibubi.create.Create/]: Created 157 recipes which will be injected into the game
[06Aug2026 12:15:25.401] [Render thread/INFO] [com.simibubi.create.Create/]: Created 0 tags which will be injected into the game
[06Aug2026 12:15:26.276] [Render thread/INFO] [net.minecraft.world.item.crafting.RecipeManager/]: Loaded 2949 recipes
[06Aug2026 12:15:26.440] [Render thread/INFO] [net.minecraft.advancements.AdvancementTree/]: Loaded 2645 advancements
[06Aug2026 12:15:26.449] [Render thread/ERROR] [dev.ryanhcode.sable.Sable/]: DataResult.Error['No key dimension in MapLike[{"block":"linearbearing:mechanical_linear_moving","physics_properties":{"universal_drag":0.09,"apply_kinetic_force":true,"force_modifier":100.0,"axis_alignment":"facing"}}]']
[06Aug2026 12:15:26.450] [Render thread/ERROR] [dev.ryanhcode.sable.Sable/]: Error while loading dimension data "linearbearing:mechanical_linear_moving" : No key dimension in MapLike[{"block":"linearbearing:mechanical_linear_moving","physics_properties":{"universal_drag":0.09,"apply_kinetic_force":true,"force_modifier":100.0,"axis_alignment":"facing"}}] 
[06Aug2026 12:15:27.569] [Server thread/INFO] [net.minecraft.client.server.IntegratedServer/]: Starting integrated minecraft server version 1.21.1
[06Aug2026 12:15:27.569] [Server thread/INFO] [net.minecraft.server.MinecraftServer/]: Generating keypair
[06Aug2026 12:15:27.698] [Server thread/INFO] [dev.ryanhcode.sable.Sable/]: Creating physics pipeline for ResourceKey[minecraft:dimension / minecraft:overworld] using RapierPhysicsPipelineProvider
[06Aug2026 12:15:28.028] [Server thread/INFO] [dev.ryanhcode.sable.Sable/]: Creating physics pipeline for ResourceKey[minecraft:dimension / minecraft:the_end] using RapierPhysicsPipelineProvider
[06Aug2026 12:15:28.065] [Server thread/INFO] [dev.ryanhcode.sable.Sable/]: Creating physics pipeline for ResourceKey[minecraft:dimension / minecraft:the_nether] using RapierPhysicsPipelineProvider
[06Aug2026 12:15:28.081] [Server thread/INFO] [net.minecraft.server.MinecraftServer/]: Preparing start region for dimension minecraft:overworld
[06Aug2026 12:15:28.226] [progressListener/INFO] [net.minecraft.server.level.progress.LoggerChunkProgressListener/]: Preparing spawn area: 0%
[06Aug2026 12:15:28.285] [Server thread/INFO] [net.neoforged.neoforge.server.permission.PermissionAPI/]: Successfully initialized permission handler neoforge:default_handler
[06Aug2026 12:15:28.296] [progressListener/INFO] [net.minecraft.server.level.progress.LoggerChunkProgressListener/]: Time elapsed: 206 ms
[06Aug2026 12:15:28.367] [Server thread/INFO] [net.minecraft.client.server.IntegratedServer/]: Changing view distance to 5, from 10
[06Aug2026 12:15:28.367] [Server thread/INFO] [net.minecraft.client.server.IntegratedServer/]: Changing simulation distance to 12, from 0
[06Aug2026 12:15:28.454] [Render thread/INFO] [dev.ryanhcode.sable.Sable/]: Adding local UDP server channel future
[06Aug2026 12:15:28.463] [Render thread/WARN] [io.netty.bootstrap.Bootstrap/]: Unknown channel option 'SO_BROADCAST' for channel '[id: 0x7ca04f3a]'
[06Aug2026 12:15:28.467] [Netty Server IO #1/INFO] [dev.ryanhcode.sable.Sable/]: Server UDP channel active
[06Aug2026 12:15:28.484] [Render thread/INFO] [dev.ryanhcode.sable.Sable/]: Starting local client UDP channel future
[06Aug2026 12:15:28.489] [Netty Local Client IO #1/INFO] [dev.ryanhcode.sable.Sable/]: Client UDP channel active
[06Aug2026 12:15:28.703] [Render thread/INFO] [com.simibubi.create.Create/]: Created 157 recipes which will be injected into the game
[06Aug2026 12:15:28.705] [Render thread/INFO] [com.simibubi.create.Create/]: Created 0 tags which will be injected into the game
[06Aug2026 12:15:28.978] [Server thread/INFO] [net.minecraft.server.players.PlayerList/]: Dev[local:E:c4abd1cb] logged in with entity id 12 at (30.76302716178398, -54.89575974927083, 63.777952222376065)
[06Aug2026 12:15:28.982] [Server thread/INFO] [dev.ryanhcode.sable.Sable/]: Beginning attempted authentication with player Dev
[06Aug2026 12:15:29.028] [Server thread/INFO] [net.minecraft.server.MinecraftServer/]: Dev joined the game
[06Aug2026 12:15:29.525] [Render thread/INFO] [flywheel/]: Started 10 worker threads
[06Aug2026 12:15:29.586] [Render thread/INFO] [net.minecraft.advancements.AdvancementTree/]: Loaded 133 advancements
[06Aug2026 12:15:29.942] [Render thread/INFO] [Veil/]: Multi-Bind supported, using core
[06Aug2026 12:15:30.340] [Server thread/INFO] [net.minecraft.client.server.IntegratedServer/]: Saving and pausing game...
[06Aug2026 12:15:30.371] [Server thread/INFO] [net.minecraft.server.MinecraftServer/]: Saving chunks for level 'ServerLevel[Aeronautics testing]'/minecraft:overworld
[06Aug2026 12:15:30.371] [Server thread/INFO] [dev.ryanhcode.sable.Sable/]: Saving sub-levels for level 'ServerLevel[Aeronautics testing]'/minecraft:overworld
[06Aug2026 12:15:30.423] [Server thread/INFO] [net.minecraft.server.MinecraftServer/]: Saving chunks for level 'ServerLevel[Aeronautics testing]'/minecraft:the_end
[06Aug2026 12:15:30.423] [Server thread/INFO] [dev.ryanhcode.sable.Sable/]: Saving sub-levels for level 'ServerLevel[Aeronautics testing]'/minecraft:the_end
[06Aug2026 12:15:30.424] [Server thread/INFO] [net.minecraft.server.MinecraftServer/]: Saving chunks for level 'ServerLevel[Aeronautics testing]'/minecraft:the_nether
[06Aug2026 12:15:30.424] [Server thread/INFO] [dev.ryanhcode.sable.Sable/]: Saving sub-levels for level 'ServerLevel[Aeronautics testing]'/minecraft:the_nether
[06Aug2026 12:17:03.863] [Render thread/INFO] [net.minecraft.client.gui.components.ChatComponent/]: [System] [CHAT] 19, -60, 89 has the following block data: {x: 19, y: -60, Items: [], z: 89, id: "playertracker:player_tracker_block", NeoForgeData: {playerTracked: "380df991-f603-344c-a090-369bad2a924a"}}
[06Aug2026 12:19:18.437] [Server thread/INFO] [net.minecraft.client.server.IntegratedServer/]: Saving and pausing game...
[06Aug2026 12:19:18.454] [Server thread/INFO] [net.minecraft.server.MinecraftServer/]: Saving chunks for level 'ServerLevel[Aeronautics testing]'/minecraft:overworld
[06Aug2026 12:19:18.454] [Server thread/INFO] [dev.ryanhcode.sable.Sable/]: Saving sub-levels for level 'ServerLevel[Aeronautics testing]'/minecraft:overworld
[06Aug2026 12:19:18.482] [Server thread/INFO] [net.minecraft.server.MinecraftServer/]: Saving chunks for level 'ServerLevel[Aeronautics testing]'/minecraft:the_end
[06Aug2026 12:19:18.482] [Server thread/INFO] [dev.ryanhcode.sable.Sable/]: Saving sub-levels for level 'ServerLevel[Aeronautics testing]'/minecraft:the_end
[06Aug2026 12:19:18.483] [Server thread/INFO] [net.minecraft.server.MinecraftServer/]: Saving chunks for level 'ServerLevel[Aeronautics testing]'/minecraft:the_nether
[06Aug2026 12:19:18.483] [Server thread/INFO] [dev.ryanhcode.sable.Sable/]: Saving sub-levels for level 'ServerLevel[Aeronautics testing]'/minecraft:the_nether
[06Aug2026 12:20:56.937] [Server thread/INFO] [net.minecraft.client.server.IntegratedServer/]: Saving and pausing game...
[06Aug2026 12:20:56.953] [Server thread/INFO] [net.minecraft.server.MinecraftServer/]: Saving chunks for level 'ServerLevel[Aeronautics testing]'/minecraft:overworld
[06Aug2026 12:20:56.953] [Server thread/INFO] [dev.ryanhcode.sable.Sable/]: Saving sub-levels for level 'ServerLevel[Aeronautics testing]'/minecraft:overworld
[06Aug2026 12:20:56.975] [Server thread/INFO] [net.minecraft.server.MinecraftServer/]: Saving chunks for level 'ServerLevel[Aeronautics testing]'/minecraft:the_end
[06Aug2026 12:20:56.976] [Server thread/INFO] [dev.ryanhcode.sable.Sable/]: Saving sub-levels for level 'ServerLevel[Aeronautics testing]'/minecraft:the_end
[06Aug2026 12:20:56.976] [Server thread/INFO] [net.minecraft.server.MinecraftServer/]: Saving chunks for level 'ServerLevel[Aeronautics testing]'/minecraft:the_nether
[06Aug2026 12:20:56.977] [Server thread/INFO] [dev.ryanhcode.sable.Sable/]: Saving sub-levels for level 'ServerLevel[Aeronautics testing]'/minecraft:the_nether
[06Aug2026 12:30:45.993] [Netty Local Client IO #1/INFO] [dev.ryanhcode.sable.Sable/]: Client UDP channel inactive
[06Aug2026 12:30:45.993] [Netty Local Client IO #1/INFO] [dev.ryanhcode.sable.Sable/]: Closed UDP channel!
[06Aug2026 12:30:46.044] [Server thread/INFO] [net.minecraft.server.network.ServerGamePacketListenerImpl/]: Dev lost connection: Disconnected
[06Aug2026 12:30:46.045] [Server thread/INFO] [net.minecraft.server.MinecraftServer/]: Dev left the game
[06Aug2026 12:30:46.056] [Server thread/INFO] [net.minecraft.server.network.ServerCommonPacketListenerImpl/]: Stopping singleplayer server as player logged out
[06Aug2026 12:30:46.088] [Server thread/INFO] [net.minecraft.server.MinecraftServer/]: Stopping server
[06Aug2026 12:30:46.089] [Server thread/INFO] [net.minecraft.server.MinecraftServer/]: Saving players
[06Aug2026 12:30:46.089] [Server thread/INFO] [net.minecraft.server.MinecraftServer/]: Saving worlds
[06Aug2026 12:30:46.196] [Server thread/INFO] [net.minecraft.server.MinecraftServer/]: Saving chunks for level 'ServerLevel[Aeronautics testing]'/minecraft:overworld
[06Aug2026 12:30:46.197] [Server thread/INFO] [dev.ryanhcode.sable.Sable/]: Saving sub-levels for level 'ServerLevel[Aeronautics testing]'/minecraft:overworld
[06Aug2026 12:30:46.245] [Server thread/INFO] [net.minecraft.server.MinecraftServer/]: Saving chunks for level 'ServerLevel[Aeronautics testing]'/minecraft:the_end
[06Aug2026 12:30:46.245] [Server thread/INFO] [dev.ryanhcode.sable.Sable/]: Saving sub-levels for level 'ServerLevel[Aeronautics testing]'/minecraft:the_end
[06Aug2026 12:30:46.253] [Server thread/INFO] [net.minecraft.server.MinecraftServer/]: Saving chunks for level 'ServerLevel[Aeronautics testing]'/minecraft:the_nether
[06Aug2026 12:30:46.253] [Server thread/INFO] [dev.ryanhcode.sable.Sable/]: Saving sub-levels for level 'ServerLevel[Aeronautics testing]'/minecraft:the_nether
[06Aug2026 12:30:46.267] [Server thread/INFO] [net.minecraft.server.MinecraftServer/]: ThreadedAnvilChunkStorage (Aeronautics testing): All chunks are saved
[06Aug2026 12:30:46.268] [Server thread/INFO] [net.minecraft.server.MinecraftServer/]: ThreadedAnvilChunkStorage (DIM1): All chunks are saved
[06Aug2026 12:30:46.268] [Server thread/INFO] [net.minecraft.server.MinecraftServer/]: ThreadedAnvilChunkStorage (DIM-1): All chunks are saved
[06Aug2026 12:30:46.268] [Server thread/INFO] [net.minecraft.server.MinecraftServer/]: ThreadedAnvilChunkStorage: All dimensions are saved
[06Aug2026 12:30:46.941] [Render thread/INFO] [net.minecraft.client.Minecraft/]: Stopping!
