[07Aug2026 18:36:32.368] [main/INFO] [net.neoforged.fml.startup.Entrypoint/]: JVM Uptime at startup: 296ms
[07Aug2026 18:36:32.378] [main/INFO] [net.neoforged.fml.loading.FMLLoader/]: Starting FancyModLoader version 11.0.13 (CLIENT in DEV)
[07Aug2026 18:36:32.379] [main/INFO] [net.neoforged.fml.loading.FMLLoader/]: Game directory: /home/tillman/Desktop/programmieren/minecraft/MODS/TIllmansCooleMod/run
[07Aug2026 18:36:32.416] [main/INFO] [net.neoforged.fml.loading.EarlyServiceDiscovery/]: Found 3 early service jars (out of 105) in 15ms
[07Aug2026 18:36:32.417] [main/INFO] [net.neoforged.fml.loading.FMLLoader/]: Loading FML Early Services:
[07Aug2026 18:36:32.418] [main/INFO] [net.neoforged.fml.loading.FMLLoader/]:  - mods/sodium-neoforge-0.9.1+mc26.1.2.jar
[07Aug2026 18:36:32.419] [main/INFO] [net.neoforged.fml.loading.FMLLoader/]:  - /home/tillman/.mcreator/gradle/caches/modules-2/files-2.1/net.neoforged.fancymodloader/earlydisplay/11.0.13/491a1bedecb33802fa118cae384b60f91f6f0241/earlydisplay-11.0.13.jar
[07Aug2026 18:36:32.419] [main/INFO] [net.neoforged.fml.loading.FMLLoader/]:  - /home/tillman/.mcreator/gradle/caches/modules-2/files-2.1/net.neoforged.fancymodloader/loader/11.0.13/c9c89eaf35535990110088224d188748d81eaecf/loader-11.0.13.jar
[07Aug2026 18:36:32.425] [main/INFO] [net.neoforged.fml.loading.ImmediateWindowHandler/]: Running graphics bootstrap plugin sodium
[07Aug2026 18:36:32.427] [main/INFO] [Sodium-GraphicsAdapterProbe/]: Searching for graphics cards...
[07Aug2026 18:36:32.445] [main/INFO] [Sodium-GraphicsAdapterProbe/]: Found graphics adapter: LinuxPciAdapterInfo[vendor=NVIDIA, name=GA106 [GeForce RTX 3060], pciVendorId=0x10de, pciDeviceId=0x2503]
[07Aug2026 18:36:32.448] [main/WARN] [Sodium-Workarounds/]: Sodium has applied one or more workarounds to prevent crashes or other issues on your system: [NVIDIA_THREADED_OPTIMIZATIONS_BROKEN, NO_ERROR_CONTEXT_UNSUPPORTED]
[07Aug2026 18:36:32.449] [main/WARN] [Sodium-Workarounds/]: This is not necessarily an issue, but it may result in certain features or optimizations being disabled. You can sometimes fix these issues by upgrading your graphics driver.
[07Aug2026 18:36:32.449] [main/INFO] [Sodium-NvidiaWorkarounds/]: Modifying process environment to apply workarounds for the NVIDIA graphics driver...
[07Aug2026 18:36:32.587] [main/INFO] [net.neoforged.fml.loading.ImmediateWindowHandler/]: Loading ImmediateWindowProvider fmlearlywindow
[07Aug2026 18:36:32.936] [ForkJoinPool.commonPool-worker-15/INFO] [net.neoforged.fml.loading.moddiscovery.locators.GameLocator/]: Detected a joined NeoForge and Minecraft configuration. Applying filtering...
[07Aug2026 18:36:33.016] [fml-loadingscreen/INFO] [net.neoforged.fml.earlydisplay.render.LoadingScreenRenderer/]: GL info: NVIDIA GeForce RTX 3060/PCIe/SSE2 GL version 3.3.0 NVIDIA 595.84, NVIDIA Corporation
[07Aug2026 18:36:33.023] [ForkJoinPool.commonPool-worker-15/INFO] [net.neoforged.fml.loading.moddiscovery.locators.InDevFolderLocator/CORE]: Got mod coordinates mcreator%%/home/tillman/Desktop/programmieren/minecraft/MODS/TIllmansCooleMod/build/classes/java/main:mcreator%%/home/tillman/Desktop/programmieren/minecraft/MODS/TIllmansCooleMod/build/resources/main from env
[07Aug2026 18:36:33.207] [ForkJoinPool.commonPool-worker-15/INFO] [net.neoforged.fml.loading.moddiscovery.locators.JarInJarDependencyLocator/]: Found 9 dependencies adding them to mods collection
[07Aug2026 18:36:33.209] [ForkJoinPool.commonPool-worker-15/INFO] [net.neoforged.fml.loading.moddiscovery.ModDiscoverer/]: 
     Mod List:
		Name Version (Mod Id)

		AppleSkin 3.0.9+mc26.1 (appleskin)
		Easy Villagers 1.1.42+26.1.2 (easy_villagers)
		Iris 1.11.2-snapshot+mc26.1.2-local (iris)
		Jade 26.1.8+neoforge (jade)
		Just Zoom 2.1.4 (justzoom)
		Konkrete 1.10.1 (konkrete)
		Minecraft 26.1.2 (minecraft)
		Mouse Tweaks 2.31 (mousetweaks)
		NeoForge 26.1.2.71 (neoforge)
		Ok Zoomer 17.0.0-beta.5 (ok_zoomer)
		Sodium 0.9.1+mc26.1.2 (sodium)
		TillmansTolleMod 1.0.0 (tillmanstollemod)
		Tool Belt 2.9.5 (toolbelt)
		Wrench Wrapper 0.8.1 (wrench_wrapper)
		Wrench Wrapper (Backend) 0.8.1 (wrench_wrapper_backend)
		Xaero's Minimap 26.4.2 (xaerominimap)
		Xaero's World Map 1.44.2 (xaeroworldmap)
		XaeroLib 1.7.1 (xaerolib)
[07Aug2026 18:36:33.482] [main/INFO] [mixin/]: SpongePowered MIXIN Subsystem Version=0.8.7 Source=file:/home/tillman/.mcreator/gradle/caches/modules-2/files-2.1/net.fabricmc/sponge-mixin/0.17.3+mixin.0.8.7/41c4a3984a80f4679e759fb9f495587acc5cdac7/sponge-mixin-0.17.3+mixin.0.8.7.jar Service=FML Env=CLIENT
[07Aug2026 18:36:33.505] [main/INFO] [net.neoforged.fml.loading.FMLLoader/]: Loading FML Plugins:
[07Aug2026 18:36:33.505] [main/INFO] [net.neoforged.fml.loading.FMLLoader/]:  - mods/iris-neoforge-1.11.2+mc26.1.2.jar > jcpp-1.4.14.jar
[07Aug2026 18:36:33.506] [main/INFO] [net.neoforged.fml.loading.FMLLoader/]:  - mods/iris-neoforge-1.11.2+mc26.1.2.jar > antlr4-runtime-4.13.1.jar
[07Aug2026 18:36:33.507] [main/INFO] [net.neoforged.fml.loading.FMLLoader/]:  - /home/tillman/.mcreator/gradle/caches/modules-2/files-2.1/net.neoforged/neoforge/26.1.2.71/2fb61eae2ea7b55fe17d0dba69cab130beb0a054/neoforge-26.1.2.71-universal.jar > net.neoforged.neoforge-coremods-26.1.2.71.jar
[07Aug2026 18:36:33.508] [main/INFO] [net.neoforged.fml.loading.FMLLoader/]:  - mods/iris-neoforge-1.11.2+mc26.1.2.jar > glsl-transformer-3.0.0-pre3.jar
[07Aug2026 18:36:33.624] [main/INFO] [net.neoforged.fml.loading.FMLLoader/]: Building game content classloader:
 - appleskin (jar(mods/appleskin-neoforge-mc26.1-3.0.9.jar))
 - easy_villagers (jar(mods/easy-villagers-neoforge-1.1.42+26.1.2.jar))
 - iris (jar(mods/iris-neoforge-1.11.2+mc26.1.2.jar))
 - jade (jar(mods/Jade-mc26.1-NeoForge-26.1.8.jar))
 - justzoom (jar(mods/justzoom_neoforge_2.1.4_MC_1.21.11.jar))
 - konkrete (jar(mods/konkrete_neoforge_1.10.1_MC_26.1.1.jar))
 - minecraft (composite(filtered(jar(/home/tillman/Desktop/programmieren/minecraft/MODS/TIllmansCooleMod/build/moddev/artifacts/minecraft-patched-26.1.2.71.jar)), filtered(jar(/home/tillman/Desktop/programmieren/minecraft/MODS/TIllmansCooleMod/build/moddev/artifacts/minecraft-patched-26.1.2.71.jar))))
 - mixinextras.neoforge (jar(/home/tillman/.mcreator/gradle/caches/modules-2/files-2.1/net.neoforged/neoforge/26.1.2.71/2fb61eae2ea7b55fe17d0dba69cab130beb0a054/neoforge-26.1.2.71-universal.jar > mixinextras-neoforge-0.5.4.jar))
 - mousetweaks (jar(mods/MouseTweaks-neoforge-mc26.1-2.31.jar))
 - neoforge (composite(filtered(jar(/home/tillman/.mcreator/gradle/caches/modules-2/files-2.1/net.neoforged/neoforge/26.1.2.71/2fb61eae2ea7b55fe17d0dba69cab130beb0a054/neoforge-26.1.2.71-universal.jar))))
 - net.neoforged.fml.generated (empty(VirtualJar/net.neoforged.fml.generated))
 - ok_zoomer (jar(mods/ok_zoomer-17.0.0-beta.5.jar))
 - sodium (jar(mods/sodium-neoforge-0.9.1+mc26.1.2.jar > net.caffeinemc.sodium-neoforge-0.9.1+mc26.1.2-mod.jar))
 - tillmanstollemod (composite(folder(/home/tillman/Desktop/programmieren/minecraft/MODS/TIllmansCooleMod/build/classes/java/main), folder(/home/tillman/Desktop/programmieren/minecraft/MODS/TIllmansCooleMod/build/resources/main)))
 - toolbelt (jar(mods/ToolBelt-26.1.2-2.9.5.jar))
 - wrench_wrapper (jar(mods/ok_zoomer-17.0.0-beta.5.jar > api_neoforge-0.8.1.jar))
 - wrench_wrapper_backend (jar(mods/ok_zoomer-17.0.0-beta.5.jar > impl-0.8.1.jar))
 - xaerolib (jar(mods/xaeroworldmap-neoforge-26.1.2-1.44.2.jar > xaerolib-neoforge-26.1.2-1.7.1.jar))
 - xaerominimap (jar(mods/xaerominimap-neoforge-26.1.2-26.4.2.jar))
 - xaeroworldmap (jar(mods/xaeroworldmap-neoforge-26.1.2-1.44.2.jar))
[07Aug2026 18:36:33.638] [main/INFO] [net.neoforged.fml.loading.FMLLoader/]: Built game content classloader in 30ms
[07Aug2026 18:36:33.679] [main/INFO] [mixin/]: Compatibility level set to JAVA_25
[07Aug2026 18:36:33.696] [main/WARN] [mixin/]: Reference map 'iris.refmap.json' for mixins.iris.json could not be read. If this is a development environment you can ignore this message
[07Aug2026 18:36:33.696] [main/WARN] [mixin/]: Reference map 'iris.refmap.json' for mixins.iris.vertexformat.json could not be read. If this is a development environment you can ignore this message
[07Aug2026 18:36:33.697] [main/WARN] [mixin/]: Reference map 'iris.refmap.json' for mixins.iris.compat.sodium.json could not be read. If this is a development environment you can ignore this message
[07Aug2026 18:36:33.706] [main/INFO] [Sodium/]: Loaded configuration file for Sodium: 36 options available, 1 override(s) found
[07Aug2026 18:36:33.708] [main/WARN] [mixin/]: Reference map 'xaerolib.refmap.json' for xaerolib.mixins.json could not be read. If this is a development environment you can ignore this message
[07Aug2026 18:36:33.711] [main/WARN] [mixin/]: Reference map 'xaeroworldmap.refmap.json' for xaeroworldmap.mixins.json could not be read. If this is a development environment you can ignore this message
[07Aug2026 18:36:34.104] [main/WARN] [mixin/]: Error loading class: com/portingdeadmods/cable_facades/events/GameClientEvents$2 (java.lang.ClassNotFoundException: com.portingdeadmods.cable_facades.events.GameClientEvents$2)
[07Aug2026 18:36:34.105] [main/WARN] [mixin/]: Error loading class: com/direwolf20/justdirethings/client/renderers/OurRenderTypes (java.lang.ClassNotFoundException: com.direwolf20.justdirethings.client.renderers.OurRenderTypes)
[07Aug2026 18:36:34.105] [main/WARN] [mixin/]: Error loading class: mekanism/client/render/entity/RenderFlame (java.lang.ClassNotFoundException: mekanism.client.render.entity.RenderFlame)
[07Aug2026 18:36:34.106] [main/WARN] [mixin/]: Error loading class: mekanism/client/render/armor/MekaSuitArmor (java.lang.ClassNotFoundException: mekanism.client.render.armor.MekaSuitArmor)
[07Aug2026 18:36:34.106] [main/WARN] [mixin/]: Error loading class: mekanism/client/render/lib/effect/BillboardingEffectRenderer (java.lang.ClassNotFoundException: mekanism.client.render.lib.effect.BillboardingEffectRenderer)
[07Aug2026 18:36:34.108] [main/WARN] [mixin/]: Error loading class: blusunrize/immersiveengineering/client/utils/IEGLShaders (java.lang.ClassNotFoundException: blusunrize.immersiveengineering.client.utils.IEGLShaders)
[07Aug2026 18:36:34.210] [main/WARN] [Sodium/]: Force-disabling mixin 'features.render.world.sky.LevelRendererMixin' as rule 'mixin.features.render.world.sky' (added by mods [iris]) disables it and children
[07Aug2026 18:36:34.373] [main/INFO] [MixinExtras|Service/]: Initializing MixinExtras via com.llamalad7.mixinextras.service.MixinExtrasServiceImpl(version=0.5.4).
[07Aug2026 18:36:35.336] [Datafixer Bootstrap/INFO] [com.mojang.datafixers.DataFixerBuilder/]: 294 Datafixer optimizations took 293 milliseconds
[07Aug2026 18:36:39.661] [main/WARN] [net.minecraft.commands.Commands/]: Ambiguity between arguments [teleport, location] and [teleport, destination] with inputs: [0.1 -0.5 .9, 0 0 0]
[07Aug2026 18:36:39.662] [main/WARN] [net.minecraft.commands.Commands/]: Ambiguity between arguments [teleport, location] and [teleport, targets] with inputs: [0.1 -0.5 .9, 0 0 0]
[07Aug2026 18:36:39.664] [main/WARN] [net.minecraft.commands.Commands/]: Ambiguity between arguments [teleport, destination] and [teleport, targets] with inputs: [Player, 0123, @e, dd12be42-52a9-4a91-a8a1-11c01849e498]
[07Aug2026 18:36:39.665] [main/WARN] [net.minecraft.commands.Commands/]: Ambiguity between arguments [teleport, targets] and [teleport, destination] with inputs: [Player, 0123, dd12be42-52a9-4a91-a8a1-11c01849e498]
[07Aug2026 18:36:39.666] [main/WARN] [net.minecraft.commands.Commands/]: Ambiguity between arguments [teleport, targets, location] and [teleport, targets, destination] with inputs: [0.1 -0.5 .9, 0 0 0]
[07Aug2026 18:36:39.667] [main/WARN] [net.minecraft.commands.Commands/]: Ambiguity between arguments [time, set, time] and [time, set, timemarker] with inputs: [0, 0s, 0d, 0t]
[07Aug2026 18:36:39.668] [main/WARN] [net.minecraft.commands.Commands/]: Ambiguity between arguments [time, set, timemarker] and [time, set, time] with inputs: [012]
[07Aug2026 18:36:39.669] [main/WARN] [net.minecraft.commands.Commands/]: Ambiguity between arguments [time, of, clock, set, time] and [time, of, clock, set, timemarker] with inputs: [0, 0s, 0d, 0t]
[07Aug2026 18:36:39.671] [main/WARN] [net.minecraft.commands.Commands/]: Ambiguity between arguments [time, of, clock, set, timemarker] and [time, of, clock, set, time] with inputs: [012]
[07Aug2026 18:36:39.672] [main/WARN] [net.minecraft.commands.Commands/]: Ambiguity between arguments [waypoint, modify, waypoint, color, reset] and [waypoint, modify, waypoint, color, color] with inputs: [reset]
[07Aug2026 18:36:39.725] [modloading-worker-0/INFO] [de.keksuccino.konkrete.Konkrete/]: [KONKRETE] Loading v1.10.1 in client-side mode on NEOFORGE!
[07Aug2026 18:36:39.727] [modloading-worker-0/INFO] [de.keksuccino.konkrete.Konkrete/]: [KONKRETE] Server-side modules initialized and ready to use!
[07Aug2026 18:36:39.763] [modloading-worker-0/INFO] [net.neoforged.neoforge.common.NeoForgeMod/NEOFORGE-MOD]: NeoForge mod loading, version 26.1.2.71, for MC 26.1.2
[07Aug2026 18:36:39.783] [modloading-worker-0/INFO] [xaero.hud.minimap.MinimapLogs/]: Xaero's Minimap: World Map found!
[07Aug2026 18:36:39.783] [modloading-worker-0/INFO] [xaero.hud.minimap.MinimapLogs/]: No Optifine!
[07Aug2026 18:36:39.783] [modloading-worker-0/INFO] [xaero.hud.minimap.MinimapLogs/]: Xaero's Minimap: No Vivecraft!
[07Aug2026 18:36:39.784] [modloading-worker-0/INFO] [xaero.hud.minimap.MinimapLogs/]: Xaero's Minimap: Iris found!
[07Aug2026 18:36:39.815] [modloading-worker-0/INFO] [xaero.lib.XaeroLib/]: Registering common data for channel xaerolib:main!
[07Aug2026 18:36:39.823] [modloading-worker-0/WARN] [Iris/]: Found fine program match for neoforge:pipeline/entity_smooth_cutout_cull: ENTITIES_CUTOUT
[07Aug2026 18:36:39.825] [modloading-worker-0/INFO] [xaero.lib.XaeroLib/]: Registering client data for channel xaerolib:main!
[07Aug2026 18:36:39.835] [modloading-worker-0/WARN] [Iris/]: Found fine program match for neoforge:pipeline/entity_translucent_cull: ENTITIES_TRANSLUCENT
[07Aug2026 18:36:39.836] [modloading-worker-0/WARN] [Iris/]: Found fine program match for neoforge:pipeline/entity_unlit_translucent: ENTITIES_TRANSLUCENT
[07Aug2026 18:36:39.836] [modloading-worker-0/INFO] [xaero.lib.XaeroLib/]: Loading primary common config for channel xaerolib:main!
[07Aug2026 18:36:39.838] [modloading-worker-0/INFO] [xaero.lib.XaeroLib/]: Loading server config profiles for channel xaerolib:main!
[07Aug2026 18:36:39.839] [modloading-worker-0/INFO] [xaero.lib.XaeroLib/]: Loading primary client config for channel xaerolib:main!
[07Aug2026 18:36:39.840] [modloading-worker-0/INFO] [xaero.lib.XaeroLib/]: Loading client config profiles for channel xaerolib:main!
[07Aug2026 18:36:39.841] [modloading-worker-0/INFO] [xaero.common.HudMod/]: Registering common data for channel xaerominimap:main!
[07Aug2026 18:36:39.877] [modloading-worker-0/INFO] [xaero.common.HudMod/]: Registering client data for channel xaerominimap:main!
[07Aug2026 18:36:39.890] [modloading-worker-0/INFO] [xaero.common.HudMod/]: Loading primary common config for channel xaerominimap:main!
[07Aug2026 18:36:39.891] [modloading-worker-0/INFO] [xaero.common.HudMod/]: Loading server config profiles for channel xaerominimap:main!
[07Aug2026 18:36:39.892] [modloading-worker-0/INFO] [xaero.common.HudMod/]: Loading primary client config for channel xaerominimap:main!
[07Aug2026 18:36:39.892] [modloading-worker-0/INFO] [xaero.common.HudMod/]: Loading client config profiles for channel xaerominimap:main!
[07Aug2026 18:36:39.932] [modloading-worker-0/INFO] [xaero.map.WorldMap/]: Registering common data for channel xaeroworldmap:main!
[07Aug2026 18:36:39.963] [modloading-worker-0/INFO] [xaero.map.WorldMap/]: Registering client data for channel xaeroworldmap:main!
[07Aug2026 18:36:39.976] [modloading-worker-0/INFO] [xaero.map.WorldMap/]: Loading primary common config for channel xaeroworldmap:main!
[07Aug2026 18:36:39.976] [modloading-worker-0/INFO] [xaero.map.WorldMap/]: Loading server config profiles for channel xaeroworldmap:main!
[07Aug2026 18:36:39.977] [modloading-worker-0/INFO] [xaero.map.WorldMap/]: Loading primary client config for channel xaeroworldmap:main!
[07Aug2026 18:36:39.978] [modloading-worker-0/INFO] [xaero.map.WorldMap/]: Loading client config profiles for channel xaeroworldmap:main!
[07Aug2026 18:36:40.446] [Render thread/INFO] [com.mojang.authlib.yggdrasil.YggdrasilAuthenticationService/]: Environment: Environment[sessionHost=https://sessionserver.mojang.com, servicesHost=https://api.minecraftservices.com, profilesHost=https://api.mojang.com, name=PROD]
[07Aug2026 18:36:40.463] [Render thread/INFO] [net.minecraft.client.Minecraft/]: Setting user: Dev
[07Aug2026 18:36:40.653] [Render thread/INFO] [net.minecraft.client.Minecraft/]: Backend library: LWJGL version 3.4.1+2
[07Aug2026 18:36:40.905] [ForkJoinPool.commonPool-worker-2/WARN] [Iris/]: [Iris Update Check] This version doesn't have an update index, skipping.
[07Aug2026 18:36:41.061] [Render thread/INFO] [Iris/]: Debug functionality is disabled.
[07Aug2026 18:36:41.063] [Render thread/INFO] [Iris/]: ARB_direct_state_access detected, enabling DSA.
[07Aug2026 18:36:41.084] [Render thread/INFO] [Iris/]: Shaders are disabled because no valid shaderpack is selected
[07Aug2026 18:36:41.136] [Render thread/INFO] [net.minecraft.client.Minecraft/]: Using optional rendering extensions: GL_ARB_buffer_storage, GL_KHR_debug, GL_ARB_vertex_attrib_binding, GL_ARB_direct_state_access, GL_EXT_texture_filter_anisotropic
[07Aug2026 18:36:41.649] [Render thread/INFO] [Iris/]: Hardware information:
[07Aug2026 18:36:41.649] [Render thread/INFO] [Iris/]: CPU: 16x AMD Ryzen 7 3800X 8-Core Processor
[07Aug2026 18:36:41.649] [Render thread/INFO] [Iris/]: GPU: NVIDIA GeForce RTX 3060/PCIe/SSE2 (Supports OpenGL 3.3.0 NVIDIA 595.84)
[07Aug2026 18:36:41.649] [Render thread/INFO] [Iris/]: OS: Linux (7.0.0-29-generic)
[07Aug2026 18:36:41.920] [modloading-worker-0/INFO] [xaero.lib.XaeroLib/]: Loading XaeroLib common 1/2!
[07Aug2026 18:36:41.933] [modloading-worker-0/INFO] [xaero.minimap.XaeroMinimap/]: Loading Xaero's Minimap - Stage 1/3
[07Aug2026 18:36:41.933] [modloading-worker-0/INFO] [xaero.map.WorldMap/]: Loading Xaero's World Map - Stage 1/3
[07Aug2026 18:36:41.933] [modloading-worker-0/INFO] [xaero.lib.XaeroLib/]: Loading XaeroLib client 1/3!
[07Aug2026 18:36:41.941] [NeoForge Version Check/INFO] [net.neoforged.fml.VersionChecker/]: [easy_villagers] Starting version check at https://update.maxhenkel.de/neoforge/easy_villagers
[07Aug2026 18:36:42.145] [NeoForge Version Check/INFO] [net.neoforged.fml.VersionChecker/]: [easy_villagers] Found status: OUTDATED Current: 1.1.42+26.1.2 Target: 1.1.43+26.1.2
[07Aug2026 18:36:42.146] [NeoForge Version Check/INFO] [net.neoforged.fml.VersionChecker/]: [ok_zoomer] Starting version check at https://api.modrinth.com/updates/aXf2OSFU/forge_updates.json?neoforge=only
[07Aug2026 18:36:42.373] [NeoForge Version Check/INFO] [net.neoforged.fml.VersionChecker/]: [ok_zoomer] Found status: UP_TO_DATE Current: 17.0.0-beta.5 Target: null
[07Aug2026 18:36:43.297] [modloading-worker-0/WARN] [xaero.lib.XaeroLib/]: io exception while checking patreon: Online mod data expired! Date: Sun Aug 02 07:54:46 CEST 2026
[07Aug2026 18:36:43.298] [modloading-sync-worker/INFO] [xaero.map.WorldMap/]: Loading Xaero's World Map - Stage 2/3
[07Aug2026 18:36:45.023] [modloading-sync-worker/ERROR] [xaero.map.WorldMap/]: io exception while checking versions: Online mod data expired! Date: Sun Aug 02 07:54:46 CEST 2026
[07Aug2026 18:36:45.025] [modloading-sync-worker/INFO] [xaero.map.WorldMap/]: Registered player tracker system: map_synced
[07Aug2026 18:36:45.028] [modloading-sync-worker/INFO] [xaero.map.WorldMap/]: Xaero's WorldMap Mod: Xaero's minimap found!
[07Aug2026 18:36:45.033] [modloading-sync-worker/INFO] [xaero.map.WorldMap/]: Registered player tracker system: minimap_synced
[07Aug2026 18:36:45.033] [modloading-sync-worker/INFO] [xaero.map.WorldMap/]: No Optifine!
[07Aug2026 18:36:45.033] [modloading-sync-worker/INFO] [xaero.map.WorldMap/]: Xaero's World Map: No Vivecraft!
[07Aug2026 18:36:45.034] [modloading-sync-worker/INFO] [xaero.map.WorldMap/]: Xaero's World Map: Iris found!
[07Aug2026 18:36:45.034] [modloading-sync-worker/WARN] [net.neoforged.fml.DeferredWorkQueue/LOADING]: Mod 'xaeroworldmap' took 1.736 s to run a deferred task.
[07Aug2026 18:36:45.034] [modloading-sync-worker/INFO] [xaero.minimap.XaeroMinimap/]: Loading Xaero's Minimap - Stage 2/3
[07Aug2026 18:36:46.622] [modloading-sync-worker/WARN] [xaero.hud.minimap.MinimapLogs/]: io exception while checking versions: Read timed out
[07Aug2026 18:36:46.624] [modloading-sync-worker/INFO] [xaero.hud.minimap.MinimapLogs/]: Registered player tracker system: minimap_synced
[07Aug2026 18:36:46.625] [modloading-sync-worker/WARN] [net.neoforged.fml.DeferredWorkQueue/LOADING]: Mod 'xaerominimap' took 1.590 s to run a deferred task.
[07Aug2026 18:36:46.626] [modloading-sync-worker/INFO] [xaero.lib.XaeroLib/]: Loading XaeroLib common 2/2!
[07Aug2026 18:36:46.626] [modloading-sync-worker/INFO] [xaero.lib.XaeroLib/]: Loading XaeroLib client 2/3!
[07Aug2026 18:36:46.673] [modloading-sync-worker/INFO] [snownee.jade.Jade/]: Start loading plugin from Jade: snownee.jade.addon.access.AccessibilityPlugin
[07Aug2026 18:36:46.684] [modloading-sync-worker/INFO] [snownee.jade.Jade/]: snownee.jade.addon.access.AccessibilityPlugin loaded: 10.15 ms
[07Aug2026 18:36:46.686] [modloading-sync-worker/INFO] [snownee.jade.Jade/]: Start loading plugin from Jade: snownee.jade.addon.core.CorePlugin
[07Aug2026 18:36:46.693] [modloading-sync-worker/INFO] [snownee.jade.Jade/]: snownee.jade.addon.core.CorePlugin loaded: 7.497 ms
[07Aug2026 18:36:46.694] [modloading-sync-worker/INFO] [snownee.jade.Jade/]: Start loading plugin from Jade: snownee.jade.addon.debug.DebugPlugin
[07Aug2026 18:36:46.700] [modloading-sync-worker/INFO] [snownee.jade.Jade/]: snownee.jade.addon.debug.DebugPlugin loaded: 5.324 ms
[07Aug2026 18:36:46.702] [modloading-sync-worker/INFO] [snownee.jade.Jade/]: Start loading plugin from Jade: snownee.jade.addon.universal.UniversalPlugin
[07Aug2026 18:36:46.716] [modloading-sync-worker/INFO] [snownee.jade.Jade/]: snownee.jade.addon.universal.UniversalPlugin loaded: 14.29 ms
[07Aug2026 18:36:46.718] [modloading-sync-worker/INFO] [snownee.jade.Jade/]: Start loading plugin from Jade: snownee.jade.addon.vanilla.VanillaPlugin
[07Aug2026 18:36:46.739] [modloading-sync-worker/INFO] [snownee.jade.Jade/]: snownee.jade.addon.vanilla.VanillaPlugin loaded: 21.02 ms
[07Aug2026 18:36:46.740] [modloading-sync-worker/INFO] [snownee.jade.Jade/]: Start loading plugin from Easy Villagers: de.maxhenkel.easyvillagers.integration.waila.PluginEasyVillagers
[07Aug2026 18:36:46.741] [modloading-sync-worker/INFO] [snownee.jade.Jade/]: de.maxhenkel.easyvillagers.integration.waila.PluginEasyVillagers loaded: 1.488 ms
[07Aug2026 18:36:46.989] [Render thread/INFO] [net.minecraft.server.packs.resources.ReloadableResourceManager/]: Reloading ResourceManager: vanilla, mod_resources, mod/sodium, mod/iris, mod/mousetweaks, mod/toolbelt, mod/jade, mod/appleskin, mod/justzoom, mod/xaerolib, mod/wrench_wrapper_backend, mod/wrench_wrapper, mod/easy_villagers, mod/xaerominimap, mod/ok_zoomer, mod/konkrete, mod/xaeroworldmap, mod/neoforge, mod/tillmanstollemod
[07Aug2026 18:36:47.096] [Render thread/INFO] [de.keksuccino.justzoom.JustZoom/]: [JUST ZOOM] Starting version 2.1.4 on NeoForge..
[07Aug2026 18:36:47.106] [Render thread/INFO] [Ok Zoomer/]: [Ok Zoomer] ]w[ what's this
[07Aug2026 18:36:47.109] [Render thread/INFO] [xaero.map.WorldMap/]: Loading Xaero's World Map - Stage 3/3
[07Aug2026 18:36:47.112] [Render thread/INFO] [xaero.map.WorldMap/]: New world map region cache hash code: 1550124267
[07Aug2026 18:36:47.163] [resourceLoad/WARN] [net.minecraft.client.renderer.texture.atlas.sources.SingleFile/]: Missing sprite: toolbelt:textures/gui/empty_belt_slot_background.png
[07Aug2026 18:36:47.302] [resourceLoad/INFO] [net.minecraft.client.gui.font.providers.UnihexProvider/]: Found unifont_all_no_pua-17.0.01.hex, loading
[07Aug2026 18:36:47.303] [Render thread/INFO] [xaero.minimap.XaeroMinimap/]: Loading Xaero's Minimap - Stage 3/3
[07Aug2026 18:36:47.303] [Render thread/INFO] [xaero.lib.XaeroLib/]: Loading XaeroLib client 3/3!
[07Aug2026 18:36:47.336] [resourceLoad/INFO] [net.minecraft.client.gui.font.providers.UnihexProvider/]: Found unifont_pua-17.0.01.hex, loading
[07Aug2026 18:36:47.432] [resourceLoad/INFO] [net.minecraft.client.gui.font.providers.UnihexProvider/]: Found unifont_jp_patch-17.0.01.hex, loading
[07Aug2026 18:36:47.448] [Render thread/INFO] [com.mojang.blaze3d.systems.RenderSystem/]: Thread[#3,Render thread,10,main]
[07Aug2026 18:36:47.450] [Render thread/INFO] [com.mojang.blaze3d.systems.RenderSystem/]: OpenGL Vendor: NVIDIA Corporation
[07Aug2026 18:36:47.450] [Render thread/INFO] [com.mojang.blaze3d.systems.RenderSystem/]: OpenGL Renderer: NVIDIA GeForce RTX 3060/PCIe/SSE2
[07Aug2026 18:36:47.450] [Render thread/INFO] [com.mojang.blaze3d.systems.RenderSystem/]: OpenGL Version: 3.3.0 NVIDIA 595.84
[07Aug2026 18:36:47.454] [Render thread/INFO] [Sodium-NvidiaWorkarounds/]: Modifying OpenGL context to apply workarounds for the NVIDIA graphics driver...
[07Aug2026 18:36:47.764] [resourceLoad/WARN] [net.minecraft.client.resources.model.ModelDiscovery/]: Missing block model: tillmanstollemod:item/tillmans_armor_chestplate
[07Aug2026 18:36:47.767] [resourceLoad/WARN] [net.minecraft.client.resources.model.ModelDiscovery/]: Missing block model: tillmanstollemod:item/tillmans_armor_helmet
[07Aug2026 18:36:47.771] [resourceLoad/WARN] [net.minecraft.client.resources.model.ModelDiscovery/]: Missing block model: minecraft:builtin/entity
[07Aug2026 18:36:48.257] [Render thread/WARN] [com.mojang.blaze3d.opengl.GlProgram/]: neoforge:pipeline/item_translucent_unlit shader program does not use sampler Sampler2 defined in the pipeline. This might be a bug.
[07Aug2026 18:36:48.257] [Render thread/WARN] [com.mojang.blaze3d.opengl.GlProgram/]: neoforge:pipeline/item_cutout_unlit shader program does not use sampler Sampler2 defined in the pipeline. This might be a bug.
[07Aug2026 18:36:48.295] [Render thread/INFO] [com.mojang.blaze3d.audio.Library/]: OpenAL initialized on device Stream 750 HD llluminated Analog Stereo
[07Aug2026 18:36:48.297] [Render thread/INFO] [net.minecraft.client.sounds.SoundEngine/SOUNDS]: Sound engine started
[07Aug2026 18:36:48.297] [Render thread/INFO] [net.minecraft.client.renderer.texture.TextureAtlas/]: Created: 512x256x0 minecraft:textures/atlas/particles.png-atlas
[07Aug2026 18:36:48.314] [Render thread/INFO] [net.minecraft.client.renderer.texture.TextureAtlas/]: Created: 128x128x0 minecraft:textures/atlas/decorated_pot.png-atlas
[07Aug2026 18:36:48.315] [Render thread/INFO] [net.minecraft.client.renderer.texture.TextureAtlas/]: Created: 2048x1024x0 minecraft:textures/atlas/armor_trims.png-atlas
[07Aug2026 18:36:48.350] [Render thread/INFO] [net.minecraft.client.renderer.texture.TextureAtlas/]: Created: 512x256x0 minecraft:textures/atlas/paintings.png-atlas
[07Aug2026 18:36:48.352] [Render thread/INFO] [net.minecraft.client.renderer.texture.TextureAtlas/]: Created: 1024x512x0 minecraft:textures/atlas/shield_patterns.png-atlas
[07Aug2026 18:36:48.358] [Render thread/INFO] [net.minecraft.client.renderer.texture.TextureAtlas/]: Created: 1024x1024x2 minecraft:textures/atlas/blocks.png-atlas
[07Aug2026 18:36:48.411] [Render thread/INFO] [net.minecraft.client.renderer.texture.TextureAtlas/]: Created: 512x512x0 minecraft:textures/atlas/chest.png-atlas
[07Aug2026 18:36:48.412] [Render thread/INFO] [net.minecraft.client.renderer.texture.TextureAtlas/]: Created: 256x128x0 minecraft:textures/atlas/celestials.png-atlas
[07Aug2026 18:36:48.412] [Render thread/INFO] [net.minecraft.client.renderer.texture.TextureAtlas/]: Created: 1024x512x0 minecraft:textures/atlas/banner_patterns.png-atlas
[07Aug2026 18:36:48.417] [Render thread/INFO] [net.minecraft.client.renderer.texture.TextureAtlas/]: Created: 512x512x0 minecraft:textures/atlas/beds.png-atlas
[07Aug2026 18:36:48.417] [Render thread/INFO] [net.minecraft.client.renderer.texture.TextureAtlas/]: Created: 1024x512x0 minecraft:textures/atlas/items.png-atlas
[07Aug2026 18:36:48.436] [Render thread/INFO] [net.minecraft.client.renderer.texture.TextureAtlas/]: Created: 1024x1024x0 minecraft:textures/atlas/gui.png-atlas
[07Aug2026 18:36:48.456] [Render thread/INFO] [net.minecraft.client.renderer.texture.TextureAtlas/]: Created: 128x64x0 minecraft:textures/atlas/map_decorations.png-atlas
[07Aug2026 18:36:48.458] [Render thread/INFO] [net.minecraft.client.renderer.texture.TextureAtlas/]: Created: 512x256x0 minecraft:textures/atlas/signs.png-atlas
[07Aug2026 18:36:48.458] [Render thread/INFO] [net.minecraft.client.renderer.texture.TextureAtlas/]: Created: 512x512x0 minecraft:textures/atlas/shulker_boxes.png-atlas
[07Aug2026 18:36:48.573] [Render thread/INFO] [net.neoforged.neoforge.client.entity.animation.json.AnimationLoader/]: Loaded 0 entity animations
[07Aug2026 18:36:48.752] [Render thread/INFO] [Iris/]: Creating pipeline for dimension minecraft:overworld
[07Aug2026 18:36:52.965] [Render thread/INFO] [net.minecraft.world.item.crafting.RecipeManager/]: Loaded 1525 recipes
[07Aug2026 18:36:52.978] [Render thread/INFO] [net.minecraft.advancements.AdvancementTree/]: Loaded 1620 advancements
[07Aug2026 18:36:52.980] [Render thread/INFO] [net.neoforged.neoforge.common.crafting.RecipePriorityManager/]: Loaded 0 recipe priority overrides
[07Aug2026 18:36:53.109] [Server thread/INFO] [net.minecraft.client.server.IntegratedServer/]: Starting integrated minecraft server version 26.1.2
[07Aug2026 18:36:53.109] [Server thread/INFO] [net.minecraft.server.MinecraftServer/]: Generating keypair
[07Aug2026 18:36:53.359] [Server thread/INFO] [net.minecraft.server.level.progress.LoggingLevelLoadListener/]: Loading 0 persistent chunks...
[07Aug2026 18:36:53.359] [Server thread/INFO] [net.minecraft.server.level.progress.LoggingLevelLoadListener/]: Preparing spawn area: 16%
[07Aug2026 18:36:53.370] [Server thread/INFO] [net.minecraft.server.MinecraftServer/]: Saving chunks for level 'ServerLevel[New World]'/minecraft:overworld
[07Aug2026 18:36:53.381] [Server thread/INFO] [net.minecraft.server.MinecraftServer/]: Saving chunks for level 'ServerLevel[New World]'/minecraft:the_end
[07Aug2026 18:36:53.387] [Server thread/INFO] [net.minecraft.server.MinecraftServer/]: Saving chunks for level 'ServerLevel[New World]'/minecraft:the_nether
[07Aug2026 18:36:53.401] [Server thread/INFO] [net.minecraft.server.MinecraftServer/]: ThreadedAnvilChunkStorage (world): All chunks are saved
[07Aug2026 18:36:53.401] [Server thread/INFO] [net.minecraft.server.MinecraftServer/]: ThreadedAnvilChunkStorage (DIM1): All chunks are saved
[07Aug2026 18:36:53.401] [Server thread/INFO] [net.minecraft.server.MinecraftServer/]: ThreadedAnvilChunkStorage (DIM-1): All chunks are saved
[07Aug2026 18:36:53.401] [Server thread/INFO] [net.minecraft.server.MinecraftServer/]: ThreadedAnvilChunkStorage: All dimensions are saved
[07Aug2026 18:36:53.404] [Server thread/INFO] [net.neoforged.neoforge.server.permission.PermissionAPI/]: Successfully initialized permission handler neoforge:default_handler
[07Aug2026 18:36:53.838] [Server thread/INFO] [net.minecraft.server.level.progress.LoggingLevelLoadListener/]: Loading 49 chunks for player spawn...
[07Aug2026 18:36:53.907] [Server thread/INFO] [net.minecraft.server.level.progress.LoggingLevelLoadListener/]: Preparing spawn area: 16%
[07Aug2026 18:36:54.007] [Server thread/INFO] [net.minecraft.server.level.progress.LoggingLevelLoadListener/]: Time elapsed: 648 ms
[07Aug2026 18:36:54.261] [Server thread/INFO] [net.minecraft.server.players.PlayerList/]: Dev[local:E:3714b879] logged in with entity id 1 at (-43.72029130194172, 56.0, 136.03928139533303)
[07Aug2026 18:36:54.309] [Server thread/INFO] [net.minecraft.server.MinecraftServer/]: Dev joined the game
[07Aug2026 18:36:54.367] [Render thread/INFO] [xaero.hud.minimap.MinimapLogs/]: Minimap required item set to nothing.
[07Aug2026 18:36:54.367] [Render thread/INFO] [xaero.hud.minimap.MinimapLogs/]: New Xaero hud session initialized!
[07Aug2026 18:36:54.390] [Render thread/INFO] [xaero.map.WorldMap/]: Fullscreen map required item set to nothing.
[07Aug2026 18:36:54.397] [Render thread/INFO] [xaero.map.WorldMap/]: New world map session initialized!
[07Aug2026 18:36:54.417] [Server thread/INFO] [net.minecraft.client.server.IntegratedServer/]: Changing view distance to 5, from 10
[07Aug2026 18:36:54.421] [Server thread/INFO] [net.minecraft.client.server.IntegratedServer/]: Changing simulation distance to 12, from 0
[07Aug2026 18:36:54.568] [Render thread/INFO] [ChunkBuilder/]: Started 10 worker threads
[07Aug2026 18:36:54.655] [Render thread/WARN] [net.minecraft.client.multiplayer.ClientPacketListener/]: Ignoring chat session from Dev due to missing Services public key
[07Aug2026 18:36:54.658] [Render thread/INFO] [xaero.hud.minimap.MinimapLogs/]: Minimap updated server level id: 1005889491 for world ResourceKey[minecraft:dimension / minecraft:overworld]
[07Aug2026 18:36:54.664] [Render thread/INFO] [net.minecraft.advancements.AdvancementTree/]: Loaded 79 advancements
[07Aug2026 18:36:54.764] [Render thread/INFO] [snownee.jade.Jade/]: Received config from the server: {}
[07Aug2026 18:36:54.852] [Render thread/INFO] [net.minecraft.client.renderer.DynamicUniformStorage/]: Resizing Dynamic Transforms UBO, capacity limit of 2 reached during a single frame. New capacity will be 4.
[07Aug2026 18:36:54.958] [Render thread/INFO] [net.minecraft.client.renderer.DynamicUniformStorage/]: Resizing Dynamic Transforms UBO, capacity limit of 4 reached during a single frame. New capacity will be 8.
[07Aug2026 18:36:55.381] [Render thread/INFO] [xaero.hud.minimap.MinimapLogs/]: Reloading radar icon resources...
[07Aug2026 18:36:55.419] [Render thread/INFO] [xaero.hud.minimap.MinimapLogs/]: Reloaded radar icon resources!
[07Aug2026 18:36:55.452] [Render thread/INFO] [xaero.lib.XaeroLib/]: Resized a dynamic immediate buffer to 160!
[07Aug2026 18:36:55.453] [Render thread/INFO] [xaero.lib.XaeroLib/]: Resized a dynamic immediate buffer to 320!
[07Aug2026 18:36:55.456] [Render thread/INFO] [net.minecraft.client.renderer.DynamicUniformStorage/]: Resizing Dynamic Transforms UBO, capacity limit of 8 reached during a single frame. New capacity will be 16.
[07Aug2026 18:36:55.506] [Render thread/INFO] [xaero.lib.XaeroLib/]: Resized a dynamic immediate buffer to 640!
[07Aug2026 18:36:55.531] [Render thread/INFO] [xaero.lib.XaeroLib/]: Resized a dynamic immediate buffer to 1280!
[07Aug2026 18:36:55.579] [Render thread/INFO] [xaero.lib.XaeroLib/]: Resized a dynamic immediate buffer to 2560!
[07Aug2026 18:36:55.601] [Render thread/INFO] [xaero.lib.XaeroLib/]: Resized a dynamic immediate buffer to 160!
[07Aug2026 18:36:55.621] [Render thread/INFO] [xaero.lib.XaeroLib/]: Resized a dynamic immediate buffer to 320!
[07Aug2026 18:36:56.261] [Render thread/INFO] [xaero.lib.XaeroLib/]: Resized a dynamic immediate buffer to 640!
[07Aug2026 18:36:58.258] [Render thread/INFO] [xaero.lib.XaeroLib/]: Resized a dynamic immediate buffer to 1280!
[07Aug2026 18:36:58.258] [Render thread/INFO] [xaero.lib.XaeroLib/]: Resized a dynamic immediate buffer to 2560!
[07Aug2026 18:36:59.559] [Server thread/INFO] [net.minecraft.server.MinecraftServer/]: [Dev: Set own game mode to Creative Mode]
[07Aug2026 18:36:59.566] [Render thread/INFO] [net.minecraft.client.gui.components.ChatComponent/]: [System] [CHAT] Set own game mode to Creative Mode
[07Aug2026 18:37:02.583] [Render thread/INFO] [net.minecraft.client.renderer.DynamicUniformStorage/]: Resizing Dynamic Transforms UBO, capacity limit of 16 reached during a single frame. New capacity will be 32.
[07Aug2026 18:37:16.257] [Server thread/INFO] [net.minecraft.server.MinecraftServer/]: [Dev: Set own game mode to Survival Mode]
[07Aug2026 18:37:16.260] [Render thread/INFO] [net.minecraft.client.gui.components.ChatComponent/]: [System] [CHAT] Set own game mode to Survival Mode
[07Aug2026 18:37:20.464] [Render thread/INFO] [net.minecraft.advancements.AdvancementTree/]: Loaded 100 advancements
[07Aug2026 18:39:39.167] [Render thread/INFO] [xaero.lib.XaeroLib/]: Resized a dynamic immediate buffer to 5120!
[07Aug2026 18:41:02.907] [Server thread/INFO] [net.minecraft.client.server.IntegratedServer/]: Saving and pausing game...
[07Aug2026 18:41:02.935] [Server thread/INFO] [net.minecraft.server.MinecraftServer/]: Saving chunks for level 'ServerLevel[New World]'/minecraft:overworld
[07Aug2026 18:41:02.941] [Server thread/INFO] [net.minecraft.server.MinecraftServer/]: Saving chunks for level 'ServerLevel[New World]'/minecraft:the_end
[07Aug2026 18:41:02.942] [Server thread/INFO] [net.minecraft.server.MinecraftServer/]: Saving chunks for level 'ServerLevel[New World]'/minecraft:the_nether
[07Aug2026 18:43:06.857] [Server thread/INFO] [net.minecraft.client.server.IntegratedServer/]: Saving and pausing game...
[07Aug2026 18:43:06.867] [Server thread/INFO] [net.minecraft.server.MinecraftServer/]: Saving chunks for level 'ServerLevel[New World]'/minecraft:overworld
[07Aug2026 18:43:06.871] [Server thread/INFO] [net.minecraft.server.MinecraftServer/]: Saving chunks for level 'ServerLevel[New World]'/minecraft:the_end
[07Aug2026 18:43:06.872] [Server thread/INFO] [net.minecraft.server.MinecraftServer/]: Saving chunks for level 'ServerLevel[New World]'/minecraft:the_nether
[07Aug2026 18:44:10.307] [Server thread/INFO] [net.minecraft.server.MinecraftServer/]: [Dev: Set own game mode to Creative Mode]
[07Aug2026 18:44:10.310] [Render thread/INFO] [net.minecraft.client.gui.components.ChatComponent/]: [System] [CHAT] Set own game mode to Creative Mode
[07Aug2026 18:44:18.670] [Render thread/INFO] [net.minecraft.advancements.AdvancementTree/]: Loaded 101 advancements
[07Aug2026 18:44:20.457] [Server thread/INFO] [net.minecraft.server.MinecraftServer/]: [Dev: Set own game mode to Survival Mode]
[07Aug2026 18:44:20.460] [Render thread/INFO] [net.minecraft.client.gui.components.ChatComponent/]: [System] [CHAT] Set own game mode to Survival Mode
[07Aug2026 18:44:43.651] [Render thread/INFO] [xaero.lib.XaeroLib/]: Resized a dynamic immediate buffer to 5120!
[07Aug2026 18:44:44.858] [Server thread/INFO] [net.minecraft.server.MinecraftServer/]: Dev was struck by lightning
[07Aug2026 18:44:44.868] [Render thread/INFO] [net.minecraft.client.gui.components.ChatComponent/]: [System] [CHAT] Dev was struck by lightning
[07Aug2026 18:44:46.722] [Server thread/INFO] [dev.gigaherz.toolbelt.slot.BeltAttachment/]: Processing respawn for entity Dev(380df991-f603-344c-a090-369bad2a924a)
[07Aug2026 18:44:46.722] [Server thread/INFO] [dev.gigaherz.toolbelt.slot.BeltAttachment/]: Old entity has data, copying...
[07Aug2026 18:44:46.729] [Render thread/INFO] [xaero.hud.minimap.MinimapLogs/]: Minimap updated server level id: 1005889491 for world ResourceKey[minecraft:dimension / minecraft:overworld]
[07Aug2026 18:44:51.457] [Server thread/INFO] [net.minecraft.server.MinecraftServer/]: [Dev: Set own game mode to Creative Mode]
[07Aug2026 18:44:51.460] [Render thread/INFO] [net.minecraft.client.gui.components.ChatComponent/]: [System] [CHAT] Set own game mode to Creative Mode
[07Aug2026 18:44:54.257] [Server thread/INFO] [net.minecraft.client.server.IntegratedServer/]: Saving and pausing game...
[07Aug2026 18:44:54.266] [Server thread/INFO] [net.minecraft.server.MinecraftServer/]: Saving chunks for level 'ServerLevel[New World]'/minecraft:overworld
[07Aug2026 18:44:54.268] [Server thread/INFO] [net.minecraft.server.MinecraftServer/]: Saving chunks for level 'ServerLevel[New World]'/minecraft:the_end
[07Aug2026 18:44:54.268] [Server thread/INFO] [net.minecraft.server.MinecraftServer/]: Saving chunks for level 'ServerLevel[New World]'/minecraft:the_nether
[07Aug2026 18:44:55.125] [Render thread/INFO] [xaero.hud.minimap.MinimapLogs/]: Xaero hud session finalized.
[07Aug2026 18:44:55.125] [Render thread/INFO] [xaero.map.WorldMap/]: Finalizing world map session...
[07Aug2026 18:44:55.157] [Server thread/INFO] [net.minecraft.server.network.ServerGamePacketListenerImpl/]: Dev lost connection: Disconnected
[07Aug2026 18:44:55.158] [Server thread/INFO] [net.minecraft.server.MinecraftServer/]: Dev left the game
[07Aug2026 18:44:55.166] [Thread-3/INFO] [xaero.map.WorldMap/]: World map cleaned normally!
[07Aug2026 18:44:55.169] [Server thread/INFO] [net.minecraft.server.network.ServerCommonPacketListenerImpl/]: Stopping singleplayer server as player logged out
[07Aug2026 18:44:55.219] [Server thread/INFO] [net.minecraft.server.MinecraftServer/]: Stopping server
[07Aug2026 18:44:55.220] [Server thread/INFO] [net.minecraft.server.MinecraftServer/]: Saving players
[07Aug2026 18:44:55.220] [Server thread/INFO] [net.minecraft.server.MinecraftServer/]: Saving worlds
[07Aug2026 18:44:55.226] [Render thread/INFO] [xaero.map.WorldMap/]: World map session finalized.
[07Aug2026 18:44:55.250] [Server thread/INFO] [net.minecraft.server.MinecraftServer/]: Saving chunks for level 'ServerLevel[New World]'/minecraft:overworld
[07Aug2026 18:44:55.265] [Server thread/INFO] [net.minecraft.server.MinecraftServer/]: Saving chunks for level 'ServerLevel[New World]'/minecraft:the_end
[07Aug2026 18:44:55.268] [Server thread/INFO] [net.minecraft.server.MinecraftServer/]: Saving chunks for level 'ServerLevel[New World]'/minecraft:the_nether
[07Aug2026 18:44:55.277] [Server thread/INFO] [net.minecraft.server.MinecraftServer/]: ThreadedAnvilChunkStorage (world): All chunks are saved
[07Aug2026 18:44:55.277] [Server thread/INFO] [net.minecraft.server.MinecraftServer/]: ThreadedAnvilChunkStorage (DIM1): All chunks are saved
[07Aug2026 18:44:55.277] [Server thread/INFO] [net.minecraft.server.MinecraftServer/]: ThreadedAnvilChunkStorage (DIM-1): All chunks are saved
[07Aug2026 18:44:55.277] [Server thread/INFO] [net.minecraft.server.MinecraftServer/]: ThreadedAnvilChunkStorage: All dimensions are saved
[07Aug2026 18:44:55.333] [Render thread/INFO] [ChunkBuilder/]: Stopping worker threads
[07Aug2026 18:44:55.935] [Render thread/INFO] [net.minecraft.client.Minecraft/]: Stopping!
