[06Aug2026 11:49:21.612] [main/INFO] [net.neoforged.fml.startup.Entrypoint/]: JVM Uptime at startup: 272ms
[06Aug2026 11:49:21.623] [main/INFO] [net.neoforged.fml.loading.FMLLoader/]: Starting FancyModLoader version 11.0.13 (CLIENT in DEV)
[06Aug2026 11:49:21.623] [main/INFO] [net.neoforged.fml.loading.FMLLoader/]: Game directory: /home/tillman/Desktop/programmieren/minecraft/MODS/KomischKristall/run
[06Aug2026 11:49:21.658] [main/INFO] [net.neoforged.fml.loading.EarlyServiceDiscovery/]: Found 2 early service jars (out of 93) in 13ms
[06Aug2026 11:49:21.659] [main/INFO] [net.neoforged.fml.loading.FMLLoader/]: Loading FML Early Services:
[06Aug2026 11:49:21.659] [main/INFO] [net.neoforged.fml.loading.FMLLoader/]:  - /home/tillman/.mcreator/gradle/caches/modules-2/files-2.1/net.neoforged.fancymodloader/earlydisplay/11.0.13/491a1bedecb33802fa118cae384b60f91f6f0241/earlydisplay-11.0.13.jar
[06Aug2026 11:49:21.659] [main/INFO] [net.neoforged.fml.loading.FMLLoader/]:  - /home/tillman/.mcreator/gradle/caches/modules-2/files-2.1/net.neoforged.fancymodloader/loader/11.0.13/c9c89eaf35535990110088224d188748d81eaecf/loader-11.0.13.jar
[06Aug2026 11:49:21.663] [main/INFO] [net.neoforged.fml.loading.ImmediateWindowHandler/]: Loading ImmediateWindowProvider fmlearlywindow
[06Aug2026 11:49:22.170] [ForkJoinPool.commonPool-worker-14/INFO] [net.neoforged.fml.loading.moddiscovery.locators.GameLocator/]: Detected a joined NeoForge and Minecraft configuration. Applying filtering...
[06Aug2026 11:49:22.261] [ForkJoinPool.commonPool-worker-14/INFO] [net.neoforged.fml.loading.moddiscovery.locators.InDevFolderLocator/CORE]: Got mod coordinates mcreator%%/home/tillman/Desktop/programmieren/minecraft/MODS/KomischKristall/build/classes/java/main:mcreator%%/home/tillman/Desktop/programmieren/minecraft/MODS/KomischKristall/build/resources/main from env
[06Aug2026 11:49:22.282] [fml-loadingscreen/INFO] [net.neoforged.fml.earlydisplay.render.LoadingScreenRenderer/]: GL info: NVIDIA GeForce RTX 3060/PCIe/SSE2 GL version 3.3.0 NVIDIA 595.84, NVIDIA Corporation
[06Aug2026 11:49:22.372] [ForkJoinPool.commonPool-worker-14/INFO] [net.neoforged.fml.loading.moddiscovery.locators.JarInJarDependencyLocator/]: Found 2 dependencies adding them to mods collection
[06Aug2026 11:49:22.374] [ForkJoinPool.commonPool-worker-14/INFO] [net.neoforged.fml.loading.moddiscovery.ModDiscoverer/]: 
     Mod List:
		Name Version (Mod Id)

		KristallModWoIchKeinBockDraufHabe 1.0.0 (kristallmodwoichkeinbockdraufhab)
		Minecraft 26.1.2 (minecraft)
		NeoForge 26.1.2.71 (neoforge)
[06Aug2026 11:49:22.576] [main/INFO] [mixin/]: SpongePowered MIXIN Subsystem Version=0.8.7 Source=file:/home/tillman/.mcreator/gradle/caches/modules-2/files-2.1/net.fabricmc/sponge-mixin/0.17.3+mixin.0.8.7/41c4a3984a80f4679e759fb9f495587acc5cdac7/sponge-mixin-0.17.3+mixin.0.8.7.jar Service=FML Env=CLIENT
[06Aug2026 11:49:22.604] [main/INFO] [net.neoforged.fml.loading.FMLLoader/]: Loading FML Plugins:
[06Aug2026 11:49:22.604] [main/INFO] [net.neoforged.fml.loading.FMLLoader/]:  - /home/tillman/.mcreator/gradle/caches/modules-2/files-2.1/net.neoforged/neoforge/26.1.2.71/2fb61eae2ea7b55fe17d0dba69cab130beb0a054/neoforge-26.1.2.71-universal.jar > net.neoforged.neoforge-coremods-26.1.2.71.jar
[06Aug2026 11:49:22.676] [main/INFO] [net.neoforged.fml.loading.FMLLoader/]: Building game content classloader:
 - kristallmodwoichkeinbockdraufhab (composite(folder(/home/tillman/Desktop/programmieren/minecraft/MODS/KomischKristall/build/classes/java/main), folder(/home/tillman/Desktop/programmieren/minecraft/MODS/KomischKristall/build/resources/main)))
 - minecraft (composite(filtered(jar(/home/tillman/Desktop/programmieren/minecraft/MODS/KomischKristall/build/moddev/artifacts/minecraft-patched-26.1.2.71.jar)), filtered(jar(/home/tillman/Desktop/programmieren/minecraft/MODS/KomischKristall/build/moddev/artifacts/minecraft-patched-26.1.2.71.jar))))
 - mixinextras.neoforge (jar(/home/tillman/.mcreator/gradle/caches/modules-2/files-2.1/net.neoforged/neoforge/26.1.2.71/2fb61eae2ea7b55fe17d0dba69cab130beb0a054/neoforge-26.1.2.71-universal.jar > mixinextras-neoforge-0.5.4.jar))
 - neoforge (composite(filtered(jar(/home/tillman/.mcreator/gradle/caches/modules-2/files-2.1/net.neoforged/neoforge/26.1.2.71/2fb61eae2ea7b55fe17d0dba69cab130beb0a054/neoforge-26.1.2.71-universal.jar))))
 - net.neoforged.fml.generated (empty(VirtualJar/net.neoforged.fml.generated))
[06Aug2026 11:49:22.688] [main/INFO] [net.neoforged.fml.loading.FMLLoader/]: Built game content classloader in 20ms
[06Aug2026 11:49:23.867] [Datafixer Bootstrap/INFO] [com.mojang.datafixers.DataFixerBuilder/]: 294 Datafixer optimizations took 323 milliseconds
[06Aug2026 11:49:24.038] [pool-8-thread-1/INFO] [MixinExtras|Service/]: Initializing MixinExtras via com.llamalad7.mixinextras.service.MixinExtrasServiceImpl(version=0.5.4).
[06Aug2026 11:49:27.761] [main/WARN] [net.minecraft.commands.Commands/]: Ambiguity between arguments [teleport, location] and [teleport, destination] with inputs: [0.1 -0.5 .9, 0 0 0]
[06Aug2026 11:49:27.762] [main/WARN] [net.minecraft.commands.Commands/]: Ambiguity between arguments [teleport, location] and [teleport, targets] with inputs: [0.1 -0.5 .9, 0 0 0]
[06Aug2026 11:49:27.764] [main/WARN] [net.minecraft.commands.Commands/]: Ambiguity between arguments [teleport, destination] and [teleport, targets] with inputs: [Player, 0123, @e, dd12be42-52a9-4a91-a8a1-11c01849e498]
[06Aug2026 11:49:27.765] [main/WARN] [net.minecraft.commands.Commands/]: Ambiguity between arguments [teleport, targets] and [teleport, destination] with inputs: [Player, 0123, dd12be42-52a9-4a91-a8a1-11c01849e498]
[06Aug2026 11:49:27.766] [main/WARN] [net.minecraft.commands.Commands/]: Ambiguity between arguments [teleport, targets, location] and [teleport, targets, destination] with inputs: [0.1 -0.5 .9, 0 0 0]
[06Aug2026 11:49:27.767] [main/WARN] [net.minecraft.commands.Commands/]: Ambiguity between arguments [time, set, time] and [time, set, timemarker] with inputs: [0, 0s, 0d, 0t]
[06Aug2026 11:49:27.768] [main/WARN] [net.minecraft.commands.Commands/]: Ambiguity between arguments [time, set, timemarker] and [time, set, time] with inputs: [012]
[06Aug2026 11:49:27.769] [main/WARN] [net.minecraft.commands.Commands/]: Ambiguity between arguments [time, of, clock, set, time] and [time, of, clock, set, timemarker] with inputs: [0, 0s, 0d, 0t]
[06Aug2026 11:49:27.770] [main/WARN] [net.minecraft.commands.Commands/]: Ambiguity between arguments [time, of, clock, set, timemarker] and [time, of, clock, set, time] with inputs: [012]
[06Aug2026 11:49:27.771] [main/WARN] [net.minecraft.commands.Commands/]: Ambiguity between arguments [waypoint, modify, waypoint, color, reset] and [waypoint, modify, waypoint, color, color] with inputs: [reset]
[06Aug2026 11:49:27.823] [modloading-worker-0/INFO] [net.neoforged.neoforge.common.NeoForgeMod/NEOFORGE-MOD]: NeoForge mod loading, version 26.1.2.71, for MC 26.1.2
[06Aug2026 11:49:28.300] [Render thread/INFO] [com.mojang.authlib.yggdrasil.YggdrasilAuthenticationService/]: Environment: Environment[sessionHost=https://sessionserver.mojang.com, servicesHost=https://api.minecraftservices.com, profilesHost=https://api.mojang.com, name=PROD]
[06Aug2026 11:49:28.316] [Render thread/INFO] [net.minecraft.client.Minecraft/]: Setting user: Dev
[06Aug2026 11:49:28.383] [Render thread/INFO] [net.minecraft.client.Minecraft/]: Backend library: LWJGL version 3.4.1+2
[06Aug2026 11:49:28.743] [Render thread/INFO] [net.minecraft.client.Minecraft/]: Using optional rendering extensions: GL_ARB_buffer_storage, GL_KHR_debug, GL_ARB_vertex_attrib_binding, GL_ARB_direct_state_access, GL_EXT_texture_filter_anisotropic
[06Aug2026 11:49:29.397] [Render thread/INFO] [net.minecraft.server.packs.resources.ReloadableResourceManager/]: Reloading ResourceManager: vanilla, mod_resources, mod/neoforge, mod/kristallmodwoichkeinbockdraufhab
[06Aug2026 11:49:29.717] [resourceLoad/INFO] [net.minecraft.client.gui.font.providers.UnihexProvider/]: Found unifont_pua-17.0.01.hex, loading
[06Aug2026 11:49:29.716] [resourceLoad/INFO] [net.minecraft.client.gui.font.providers.UnihexProvider/]: Found unifont_all_no_pua-17.0.01.hex, loading
[06Aug2026 11:49:29.815] [resourceLoad/INFO] [net.minecraft.client.gui.font.providers.UnihexProvider/]: Found unifont_jp_patch-17.0.01.hex, loading
[06Aug2026 11:49:30.582] [Render thread/WARN] [com.mojang.blaze3d.opengl.GlProgram/]: neoforge:pipeline/item_cutout_unlit shader program does not use sampler Sampler2 defined in the pipeline. This might be a bug.
[06Aug2026 11:49:30.587] [Render thread/WARN] [com.mojang.blaze3d.opengl.GlProgram/]: neoforge:pipeline/item_translucent_unlit shader program does not use sampler Sampler2 defined in the pipeline. This might be a bug.
[06Aug2026 11:49:30.638] [Render thread/INFO] [com.mojang.blaze3d.audio.Library/]: OpenAL initialized on device Stream 750 HD llluminated Analog Stereo
[06Aug2026 11:49:30.640] [Render thread/INFO] [net.minecraft.client.sounds.SoundEngine/SOUNDS]: Sound engine started
[06Aug2026 11:49:30.640] [Render thread/INFO] [net.minecraft.client.renderer.texture.TextureAtlas/]: Created: 512x256x0 minecraft:textures/atlas/particles.png-atlas
[06Aug2026 11:49:30.658] [Render thread/INFO] [net.minecraft.client.renderer.texture.TextureAtlas/]: Created: 128x128x0 minecraft:textures/atlas/decorated_pot.png-atlas
[06Aug2026 11:49:30.660] [Render thread/INFO] [net.minecraft.client.renderer.texture.TextureAtlas/]: Created: 2048x1024x0 minecraft:textures/atlas/armor_trims.png-atlas
[06Aug2026 11:49:30.685] [Render thread/INFO] [net.minecraft.client.renderer.texture.TextureAtlas/]: Created: 512x256x0 minecraft:textures/atlas/paintings.png-atlas
[06Aug2026 11:49:30.722] [Render thread/INFO] [net.minecraft.client.renderer.texture.TextureAtlas/]: Created: 1024x512x0 minecraft:textures/atlas/shield_patterns.png-atlas
[06Aug2026 11:49:30.724] [Render thread/INFO] [net.minecraft.client.renderer.texture.TextureAtlas/]: Created: 1024x1024x2 minecraft:textures/atlas/blocks.png-atlas
[06Aug2026 11:49:30.788] [Render thread/INFO] [net.minecraft.client.renderer.texture.TextureAtlas/]: Created: 512x512x0 minecraft:textures/atlas/chest.png-atlas
[06Aug2026 11:49:30.816] [Render thread/INFO] [net.minecraft.client.renderer.texture.TextureAtlas/]: Created: 256x128x0 minecraft:textures/atlas/celestials.png-atlas
[06Aug2026 11:49:30.817] [Render thread/INFO] [net.minecraft.client.renderer.texture.TextureAtlas/]: Created: 1024x512x0 minecraft:textures/atlas/banner_patterns.png-atlas
[06Aug2026 11:49:30.819] [Render thread/INFO] [net.minecraft.client.renderer.texture.TextureAtlas/]: Created: 512x512x0 minecraft:textures/atlas/beds.png-atlas
[06Aug2026 11:49:30.822] [Render thread/INFO] [net.minecraft.client.renderer.texture.TextureAtlas/]: Created: 1024x512x0 minecraft:textures/atlas/items.png-atlas
[06Aug2026 11:49:30.845] [Render thread/INFO] [net.minecraft.client.renderer.texture.TextureAtlas/]: Created: 1024x1024x0 minecraft:textures/atlas/gui.png-atlas
[06Aug2026 11:49:30.870] [Render thread/INFO] [net.minecraft.client.renderer.texture.TextureAtlas/]: Created: 128x64x0 minecraft:textures/atlas/map_decorations.png-atlas
[06Aug2026 11:49:30.890] [Render thread/INFO] [net.minecraft.client.renderer.texture.TextureAtlas/]: Created: 512x256x0 minecraft:textures/atlas/signs.png-atlas
[06Aug2026 11:49:30.891] [Render thread/INFO] [net.minecraft.client.renderer.texture.TextureAtlas/]: Created: 512x512x0 minecraft:textures/atlas/shulker_boxes.png-atlas
[06Aug2026 11:49:31.003] [Render thread/INFO] [net.neoforged.neoforge.client.entity.animation.json.AnimationLoader/]: Loaded 0 entity animations
[06Aug2026 11:49:35.194] [Render thread/INFO] [net.minecraft.world.item.crafting.RecipeManager/]: Loaded 1516 recipes
[06Aug2026 11:49:35.208] [Render thread/INFO] [net.minecraft.advancements.AdvancementTree/]: Loaded 1618 advancements
[06Aug2026 11:49:35.211] [Render thread/INFO] [net.neoforged.neoforge.common.crafting.RecipePriorityManager/]: Loaded 0 recipe priority overrides
[06Aug2026 11:49:35.386] [Server thread/INFO] [net.minecraft.client.server.IntegratedServer/]: Starting integrated minecraft server version 26.1.2
[06Aug2026 11:49:35.386] [Server thread/INFO] [net.minecraft.server.MinecraftServer/]: Generating keypair
[06Aug2026 11:49:35.774] [Server thread/INFO] [net.minecraft.server.level.progress.LoggingLevelLoadListener/]: Loading 0 persistent chunks...
[06Aug2026 11:49:35.774] [Server thread/INFO] [net.minecraft.server.level.progress.LoggingLevelLoadListener/]: Preparing spawn area: 16%
[06Aug2026 11:49:35.786] [Server thread/INFO] [net.minecraft.server.MinecraftServer/]: Saving chunks for level 'ServerLevel[Portal Test]'/minecraft:overworld
[06Aug2026 11:49:35.822] [Server thread/INFO] [net.minecraft.server.MinecraftServer/]: Saving chunks for level 'ServerLevel[Portal Test]'/kristallmodwoichkeinbockdraufhab:kristal_dimension
[06Aug2026 11:49:35.830] [Server thread/INFO] [net.minecraft.server.MinecraftServer/]: Saving chunks for level 'ServerLevel[Portal Test]'/minecraft:the_nether
[06Aug2026 11:49:35.840] [Server thread/INFO] [net.minecraft.server.MinecraftServer/]: Saving chunks for level 'ServerLevel[Portal Test]'/minecraft:the_end
[06Aug2026 11:49:35.850] [Server thread/INFO] [net.minecraft.server.MinecraftServer/]: Saving chunks for level 'ServerLevel[Portal Test]'/kristallmodwoichkeinbockdraufhab:skulk_dimension
[06Aug2026 11:49:35.873] [Server thread/INFO] [net.minecraft.server.MinecraftServer/]: ThreadedAnvilChunkStorage (world): All chunks are saved
[06Aug2026 11:49:35.873] [Server thread/INFO] [net.minecraft.server.MinecraftServer/]: ThreadedAnvilChunkStorage (kristal_dimension): All chunks are saved
[06Aug2026 11:49:35.873] [Server thread/INFO] [net.minecraft.server.MinecraftServer/]: ThreadedAnvilChunkStorage (DIM-1): All chunks are saved
[06Aug2026 11:49:35.873] [Server thread/INFO] [net.minecraft.server.MinecraftServer/]: ThreadedAnvilChunkStorage (DIM1): All chunks are saved
[06Aug2026 11:49:35.873] [Server thread/INFO] [net.minecraft.server.MinecraftServer/]: ThreadedAnvilChunkStorage (skulk_dimension): All chunks are saved
[06Aug2026 11:49:35.873] [Server thread/INFO] [net.minecraft.server.MinecraftServer/]: ThreadedAnvilChunkStorage: All dimensions are saved
[06Aug2026 11:49:35.881] [Server thread/INFO] [net.neoforged.neoforge.server.permission.PermissionAPI/]: Successfully initialized permission handler neoforge:default_handler
[06Aug2026 11:49:36.559] [Server thread/INFO] [net.minecraft.server.level.progress.LoggingLevelLoadListener/]: Loading 49 chunks for player spawn...
[06Aug2026 11:49:36.559] [Server thread/INFO] [net.minecraft.server.level.progress.LoggingLevelLoadListener/]: Preparing spawn area: 16%
[06Aug2026 11:49:36.798] [Server thread/INFO] [net.minecraft.server.level.progress.LoggingLevelLoadListener/]: Preparing spawn area: 100%
[06Aug2026 11:49:36.798] [Server thread/INFO] [net.minecraft.server.level.progress.LoggingLevelLoadListener/]: Time elapsed: 1025 ms
[06Aug2026 11:49:37.031] [Server thread/INFO] [net.minecraft.server.players.PlayerList/]: Dev[local:E:c609cfae] logged in with entity id 36 at (-321.65047837509735, 112.8941763923683, -366.2370397896429)
[06Aug2026 11:49:37.087] [Server thread/INFO] [net.minecraft.server.MinecraftServer/]: Dev joined the game
[06Aug2026 11:49:37.203] [Server thread/INFO] [net.minecraft.client.server.IntegratedServer/]: Changing view distance to 18, from 10
[06Aug2026 11:49:37.206] [Server thread/INFO] [net.minecraft.client.server.IntegratedServer/]: Changing simulation distance to 18, from 0
[06Aug2026 11:49:37.221] [Render thread/WARN] [net.minecraft.client.multiplayer.ClientPacketListener/]: Ignoring chat session from Dev due to missing Services public key
[06Aug2026 11:49:37.228] [Render thread/INFO] [net.minecraft.advancements.AdvancementTree/]: Loaded 102 advancements
[06Aug2026 11:49:37.305] [Render thread/INFO] [net.minecraft.client.renderer.DynamicUniformStorage/]: Resizing Dynamic Transforms UBO, capacity limit of 2 reached during a single frame. New capacity will be 4.
[06Aug2026 11:49:37.436] [Render thread/INFO] [net.minecraft.client.renderer.DynamicUniformStorage/]: Resizing Dynamic Transforms UBO, capacity limit of 4 reached during a single frame. New capacity will be 8.
[06Aug2026 11:49:37.488] [Render thread/INFO] [net.minecraft.client.renderer.DynamicUniformStorage/]: Resizing Chunk Sections UBO, capacity limit of 2 reached during a single frame. New capacity will be 4.
[06Aug2026 11:49:37.524] [Render thread/INFO] [net.minecraft.client.renderer.DynamicUniformStorage/]: Resizing Chunk Sections UBO, capacity limit of 4 reached during a single frame. New capacity will be 8.
[06Aug2026 11:49:37.571] [Render thread/INFO] [net.minecraft.client.renderer.DynamicUniformStorage/]: Resizing Chunk Sections UBO, capacity limit of 8 reached during a single frame. New capacity will be 16.
[06Aug2026 11:49:37.586] [Render thread/INFO] [net.minecraft.client.renderer.DynamicUniformStorage/]: Resizing Chunk Sections UBO, capacity limit of 16 reached during a single frame. New capacity will be 32.
[06Aug2026 11:49:37.690] [Render thread/INFO] [net.minecraft.client.renderer.DynamicUniformStorage/]: Resizing Chunk Sections UBO, capacity limit of 32 reached during a single frame. New capacity will be 64.
[06Aug2026 11:49:38.140] [Render thread/INFO] [net.minecraft.client.renderer.DynamicUniformStorage/]: Resizing Chunk Sections UBO, capacity limit of 64 reached during a single frame. New capacity will be 128.
[06Aug2026 11:49:38.526] [Render thread/INFO] [net.minecraft.client.renderer.DynamicUniformStorage/]: Resizing Chunk Sections UBO, capacity limit of 128 reached during a single frame. New capacity will be 256.
[06Aug2026 11:49:38.583] [Server thread/INFO] [net.minecraft.server.MinecraftServer/]: [Dev: Set own game mode to Survival Mode]
[06Aug2026 11:49:38.597] [Render thread/INFO] [net.minecraft.client.gui.components.ChatComponent/]: [System] [CHAT] Set own game mode to Survival Mode
[06Aug2026 11:49:39.237] [Render thread/INFO] [net.minecraft.client.renderer.DynamicUniformStorage/]: Resizing Chunk Sections UBO, capacity limit of 256 reached during a single frame. New capacity will be 512.
[06Aug2026 11:49:41.065] [Render thread/INFO] [net.minecraft.client.renderer.DynamicUniformStorage/]: Resizing Chunk Sections UBO, capacity limit of 512 reached during a single frame. New capacity will be 1024.
[06Aug2026 11:49:41.682] [Server thread/INFO] [net.minecraft.server.MinecraftServer/]: [Dev: Set own game mode to Creative Mode]
[06Aug2026 11:49:41.684] [Render thread/INFO] [net.minecraft.client.gui.components.ChatComponent/]: [System] [CHAT] Set own game mode to Creative Mode
[06Aug2026 11:49:47.682] [Server thread/INFO] [net.minecraft.server.MinecraftServer/]: [Dev: Set own game mode to Survival Mode]
[06Aug2026 11:49:47.683] [Render thread/INFO] [net.minecraft.client.gui.components.ChatComponent/]: [System] [CHAT] Set own game mode to Survival Mode
[06Aug2026 11:50:07.399] [Server thread/INFO] [net.minecraft.server.MinecraftServer/]: Dev was shot by Krystal Spider
[06Aug2026 11:50:07.412] [Render thread/INFO] [net.minecraft.client.gui.components.ChatComponent/]: [System] [CHAT] Dev was shot by Krystal Spider
[06Aug2026 11:50:10.532] [Server thread/INFO] [net.minecraft.server.MinecraftServer/]: [Dev: Set own game mode to Creative Mode]
[06Aug2026 11:50:10.533] [Render thread/INFO] [net.minecraft.client.gui.components.ChatComponent/]: [System] [CHAT] Set own game mode to Creative Mode
[06Aug2026 11:50:14.168] [Render thread/INFO] [net.minecraft.client.renderer.DynamicUniformStorage/]: Resizing Dynamic Transforms UBO, capacity limit of 8 reached during a single frame. New capacity will be 16.
[06Aug2026 11:50:17.147] [Server thread/INFO] [net.minecraft.server.MinecraftServer/]: Dev has completed the challenge [Cover Me in Debris]
[06Aug2026 11:50:17.152] [Render thread/INFO] [net.minecraft.client.gui.components.ChatComponent/]: [System] [CHAT] Dev has completed the challenge [Cover Me in Debris]
[06Aug2026 11:50:17.202] [Render thread/INFO] [net.minecraft.advancements.AdvancementTree/]: Loaded 105 advancements
[06Aug2026 11:50:23.280] [Server thread/INFO] [net.minecraft.server.MinecraftServer/]: [Dev: Applied enchantment Projectile Protection IV to Dev's item]
[06Aug2026 11:50:23.283] [Render thread/INFO] [net.minecraft.client.gui.components.ChatComponent/]: [System] [CHAT] Applied enchantment Projectile Protection IV to Dev's item
[06Aug2026 11:50:26.130] [Server thread/INFO] [net.minecraft.server.MinecraftServer/]: [Dev: Applied enchantment Projectile Protection IV to Dev's item]
[06Aug2026 11:50:26.131] [Render thread/INFO] [net.minecraft.client.gui.components.ChatComponent/]: [System] [CHAT] Applied enchantment Projectile Protection IV to Dev's item
[06Aug2026 11:50:27.571] [Server thread/INFO] [net.minecraft.server.MinecraftServer/]: [Dev: Applied enchantment Projectile Protection IV to Dev's item]
[06Aug2026 11:50:27.572] [Render thread/INFO] [net.minecraft.client.gui.components.ChatComponent/]: [System] [CHAT] Applied enchantment Projectile Protection IV to Dev's item
[06Aug2026 11:50:29.631] [Server thread/INFO] [net.minecraft.server.MinecraftServer/]: [Dev: Applied enchantment Projectile Protection IV to Dev's item]
[06Aug2026 11:50:29.632] [Render thread/INFO] [net.minecraft.client.gui.components.ChatComponent/]: [System] [CHAT] Applied enchantment Projectile Protection IV to Dev's item
[06Aug2026 11:50:31.332] [Server thread/INFO] [net.minecraft.server.MinecraftServer/]: [Dev: Set own game mode to Survival Mode]
[06Aug2026 11:50:31.333] [Render thread/INFO] [net.minecraft.client.gui.components.ChatComponent/]: [System] [CHAT] Set own game mode to Survival Mode
[06Aug2026 11:50:38.467] [Server thread/INFO] [net.minecraft.server.MinecraftServer/]: [Dev: Gamerule keep_inventory is now set to: true]
[06Aug2026 11:50:38.469] [Render thread/INFO] [net.minecraft.client.gui.components.ChatComponent/]: [System] [CHAT] Gamerule keep_inventory is now set to: true
[06Aug2026 11:50:48.730] [Server thread/INFO] [net.minecraft.server.MinecraftServer/]: [Dev: Set minecraft:overworld to time marker minecraft:day]
[06Aug2026 11:50:48.731] [Render thread/INFO] [net.minecraft.client.gui.components.ChatComponent/]: [System] [CHAT] Set minecraft:overworld to time marker minecraft:day
[06Aug2026 11:50:51.182] [Server thread/INFO] [net.minecraft.server.MinecraftServer/]: [Dev: Set own game mode to Creative Mode]
[06Aug2026 11:50:51.182] [Render thread/INFO] [net.minecraft.client.gui.components.ChatComponent/]: [System] [CHAT] Set own game mode to Creative Mode
[06Aug2026 11:50:56.579] [Render thread/INFO] [net.minecraft.client.renderer.DynamicUniformStorage/]: Resizing Chunk Sections UBO, capacity limit of 1024 reached during a single frame. New capacity will be 2048.
[06Aug2026 11:51:15.542] [Server thread/INFO] [net.minecraft.server.MinecraftServer/]: [Dev: Changed the block at 96, 72, -74]
[06Aug2026 11:51:15.543] [Render thread/INFO] [net.minecraft.client.gui.components.ChatComponent/]: [System] [CHAT] Changed the block at 96, 72, -74
[06Aug2026 11:51:16.228] [worldgen/WARN] [net.minecraft.world.level.levelgen.heightproviders.UniformHeight/]: Empty height range: [6 above bottom--1 absolute]
[06Aug2026 11:51:16.229] [worldgen/WARN] [net.minecraft.world.level.levelgen.heightproviders.UniformHeight/]: Empty height range: [136 absolute-0 below top]
[06Aug2026 11:51:24.390] [Server thread/ERROR] [net.minecraft.world.level.block.entity.BlockEntity/]: Failed to create block entity net.minecraft.world.level.block.entity.BlockEntityType@84bc8b5 for block BlockPos{x=52, y=-47, z=-219} at position Block{minecraft:air} 
java.lang.IllegalStateException: Invalid block entity minecraft:chest // net.minecraft.world.level.block.entity.ChestBlockEntity state at BlockPos{x=52, y=-47, z=-219}, got Block{minecraft:air}
	at TRANSFORMER/minecraft@26.1.2/net.minecraft.world.level.block.entity.BlockEntity.validateBlockState(BlockEntity.java:66) ~[minecraft-patched-26.1.2.71.jar:?]
	at TRANSFORMER/minecraft@26.1.2/net.minecraft.world.level.block.entity.BlockEntity.<init>(BlockEntity.java:60) ~[minecraft-patched-26.1.2.71.jar:?]
	at TRANSFORMER/minecraft@26.1.2/net.minecraft.world.level.block.entity.BaseContainerBlockEntity.<init>(BaseContainerBlockEntity.java:34) ~[minecraft-patched-26.1.2.71.jar:?]
	at TRANSFORMER/minecraft@26.1.2/net.minecraft.world.level.block.entity.RandomizableContainerBlockEntity.<init>(RandomizableContainerBlockEntity.java:24) ~[minecraft-patched-26.1.2.71.jar:?]
	at TRANSFORMER/minecraft@26.1.2/net.minecraft.world.level.block.entity.ChestBlockEntity.<init>(ChestBlockEntity.java:71) ~[minecraft-patched-26.1.2.71.jar:?]
	at TRANSFORMER/minecraft@26.1.2/net.minecraft.world.level.block.entity.ChestBlockEntity.<init>(ChestBlockEntity.java:75) ~[minecraft-patched-26.1.2.71.jar:?]
	at TRANSFORMER/minecraft@26.1.2/net.minecraft.world.level.block.entity.BlockEntityType.create(BlockEntityType.java:317) ~[minecraft-patched-26.1.2.71.jar:?]
	at TRANSFORMER/minecraft@26.1.2/net.minecraft.world.level.block.entity.BlockEntity.loadStatic(BlockEntity.java:198) ~[minecraft-patched-26.1.2.71.jar:?]
	at TRANSFORMER/minecraft@26.1.2/net.minecraft.world.level.chunk.LevelChunk.promotePendingBlockEntity(LevelChunk.java:620) ~[minecraft-patched-26.1.2.71.jar:?]
	at TRANSFORMER/minecraft@26.1.2/net.minecraft.world.level.chunk.LevelChunk.getBlockEntity(LevelChunk.java:381) ~[minecraft-patched-26.1.2.71.jar:?]
	at TRANSFORMER/minecraft@26.1.2/net.minecraft.world.level.chunk.LevelChunk.getBlockEntity(LevelChunk.java:369) ~[minecraft-patched-26.1.2.71.jar:?]
	at TRANSFORMER/minecraft@26.1.2/net.minecraft.world.level.chunk.LevelChunk.getBlockEntityNbtForSaving(LevelChunk.java:460) ~[minecraft-patched-26.1.2.71.jar:?]
	at TRANSFORMER/minecraft@26.1.2/net.minecraft.world.level.chunk.storage.SerializableChunkData.copyOf(SerializableChunkData.java:398) ~[minecraft-patched-26.1.2.71.jar:?]
	at TRANSFORMER/minecraft@26.1.2/net.minecraft.server.level.ChunkMap.save(ChunkMap.java:767) ~[minecraft-patched-26.1.2.71.jar:?]
	at TRANSFORMER/minecraft@26.1.2/net.minecraft.server.level.ChunkMap.saveChunkIfNeeded(ChunkMap.java:732) ~[minecraft-patched-26.1.2.71.jar:?]
	at TRANSFORMER/minecraft@26.1.2/net.minecraft.server.level.ChunkMap.saveChunksEagerly(ChunkMap.java:506) ~[minecraft-patched-26.1.2.71.jar:?]
	at TRANSFORMER/minecraft@26.1.2/net.minecraft.server.level.ChunkMap.processUnloads(ChunkMap.java:492) ~[minecraft-patched-26.1.2.71.jar:?]
	at TRANSFORMER/minecraft@26.1.2/net.minecraft.server.level.ChunkMap.tick(ChunkMap.java:454) ~[minecraft-patched-26.1.2.71.jar:?]
	at TRANSFORMER/minecraft@26.1.2/net.minecraft.server.level.ServerChunkCache.tick(ServerChunkCache.java:336) ~[minecraft-patched-26.1.2.71.jar:?]
	at TRANSFORMER/minecraft@26.1.2/net.minecraft.server.level.ServerLevel.tick(ServerLevel.java:404) ~[minecraft-patched-26.1.2.71.jar:?]
	at TRANSFORMER/minecraft@26.1.2/net.minecraft.server.MinecraftServer.tickChildren(MinecraftServer.java:1150) [minecraft-patched-26.1.2.71.jar:?]
	at TRANSFORMER/minecraft@26.1.2/net.minecraft.server.MinecraftServer.tickServer(MinecraftServer.java:1003) [minecraft-patched-26.1.2.71.jar:?]
	at TRANSFORMER/minecraft@26.1.2/net.minecraft.client.server.IntegratedServer.tickServer(IntegratedServer.java:146) ~[minecraft-patched-26.1.2.71.jar:?]
	at TRANSFORMER/minecraft@26.1.2/net.minecraft.server.MinecraftServer.processPacketsAndTick(MinecraftServer.java:1035) [minecraft-patched-26.1.2.71.jar:?]
	at TRANSFORMER/minecraft@26.1.2/net.minecraft.client.server.IntegratedServer.processPacketsAndTick(IntegratedServer.java:119) ~[minecraft-patched-26.1.2.71.jar:?]
	at TRANSFORMER/minecraft@26.1.2/net.minecraft.server.MinecraftServer.runServer(MinecraftServer.java:776) [minecraft-patched-26.1.2.71.jar:?]
	at TRANSFORMER/minecraft@26.1.2/net.minecraft.server.MinecraftServer.lambda$spin$0(MinecraftServer.java:300) [minecraft-patched-26.1.2.71.jar:?]
	at java.base/java.lang.Thread.run(Thread.java:1474) [?:?]
[06Aug2026 11:51:24.395] [Server thread/WARN] [net.minecraft.world.level.chunk.LevelChunk/]: Tried to load a block entity for block Block{minecraft:air} but failed at location BlockPos{x=52, y=-47, z=-219}
[06Aug2026 11:51:24.396] [Server thread/ERROR] [net.minecraft.world.level.block.entity.BlockEntity/]: Failed to create block entity net.minecraft.world.level.block.entity.BlockEntityType@2d3a045c for block BlockPos{x=52, y=-47, z=-216} at position Block{minecraft:air} 
java.lang.IllegalStateException: Invalid block entity minecraft:mob_spawner // net.minecraft.world.level.block.entity.SpawnerBlockEntity state at BlockPos{x=52, y=-47, z=-216}, got Block{minecraft:air}
	at TRANSFORMER/minecraft@26.1.2/net.minecraft.world.level.block.entity.BlockEntity.validateBlockState(BlockEntity.java:66) ~[minecraft-patched-26.1.2.71.jar:?]
	at TRANSFORMER/minecraft@26.1.2/net.minecraft.world.level.block.entity.BlockEntity.<init>(BlockEntity.java:60) ~[minecraft-patched-26.1.2.71.jar:?]
	at TRANSFORMER/minecraft@26.1.2/net.minecraft.world.level.block.entity.SpawnerBlockEntity.<init>(SpawnerBlockEntity.java:48) ~[minecraft-patched-26.1.2.71.jar:?]
	at TRANSFORMER/minecraft@26.1.2/net.minecraft.world.level.block.entity.BlockEntityType.create(BlockEntityType.java:317) ~[minecraft-patched-26.1.2.71.jar:?]
	at TRANSFORMER/minecraft@26.1.2/net.minecraft.world.level.block.entity.BlockEntity.loadStatic(BlockEntity.java:198) ~[minecraft-patched-26.1.2.71.jar:?]
	at TRANSFORMER/minecraft@26.1.2/net.minecraft.world.level.chunk.LevelChunk.promotePendingBlockEntity(LevelChunk.java:620) ~[minecraft-patched-26.1.2.71.jar:?]
	at TRANSFORMER/minecraft@26.1.2/net.minecraft.world.level.chunk.LevelChunk.getBlockEntity(LevelChunk.java:381) ~[minecraft-patched-26.1.2.71.jar:?]
	at TRANSFORMER/minecraft@26.1.2/net.minecraft.world.level.chunk.LevelChunk.getBlockEntity(LevelChunk.java:369) ~[minecraft-patched-26.1.2.71.jar:?]
	at TRANSFORMER/minecraft@26.1.2/net.minecraft.world.level.chunk.LevelChunk.getBlockEntityNbtForSaving(LevelChunk.java:460) ~[minecraft-patched-26.1.2.71.jar:?]
	at TRANSFORMER/minecraft@26.1.2/net.minecraft.world.level.chunk.storage.SerializableChunkData.copyOf(SerializableChunkData.java:398) ~[minecraft-patched-26.1.2.71.jar:?]
	at TRANSFORMER/minecraft@26.1.2/net.minecraft.server.level.ChunkMap.save(ChunkMap.java:767) ~[minecraft-patched-26.1.2.71.jar:?]
	at TRANSFORMER/minecraft@26.1.2/net.minecraft.server.level.ChunkMap.saveChunkIfNeeded(ChunkMap.java:732) ~[minecraft-patched-26.1.2.71.jar:?]
	at TRANSFORMER/minecraft@26.1.2/net.minecraft.server.level.ChunkMap.saveChunksEagerly(ChunkMap.java:506) ~[minecraft-patched-26.1.2.71.jar:?]
	at TRANSFORMER/minecraft@26.1.2/net.minecraft.server.level.ChunkMap.processUnloads(ChunkMap.java:492) ~[minecraft-patched-26.1.2.71.jar:?]
	at TRANSFORMER/minecraft@26.1.2/net.minecraft.server.level.ChunkMap.tick(ChunkMap.java:454) ~[minecraft-patched-26.1.2.71.jar:?]
	at TRANSFORMER/minecraft@26.1.2/net.minecraft.server.level.ServerChunkCache.tick(ServerChunkCache.java:336) ~[minecraft-patched-26.1.2.71.jar:?]
	at TRANSFORMER/minecraft@26.1.2/net.minecraft.server.level.ServerLevel.tick(ServerLevel.java:404) ~[minecraft-patched-26.1.2.71.jar:?]
	at TRANSFORMER/minecraft@26.1.2/net.minecraft.server.MinecraftServer.tickChildren(MinecraftServer.java:1150) [minecraft-patched-26.1.2.71.jar:?]
	at TRANSFORMER/minecraft@26.1.2/net.minecraft.server.MinecraftServer.tickServer(MinecraftServer.java:1003) [minecraft-patched-26.1.2.71.jar:?]
	at TRANSFORMER/minecraft@26.1.2/net.minecraft.client.server.IntegratedServer.tickServer(IntegratedServer.java:146) ~[minecraft-patched-26.1.2.71.jar:?]
	at TRANSFORMER/minecraft@26.1.2/net.minecraft.server.MinecraftServer.processPacketsAndTick(MinecraftServer.java:1035) [minecraft-patched-26.1.2.71.jar:?]
	at TRANSFORMER/minecraft@26.1.2/net.minecraft.client.server.IntegratedServer.processPacketsAndTick(IntegratedServer.java:119) ~[minecraft-patched-26.1.2.71.jar:?]
	at TRANSFORMER/minecraft@26.1.2/net.minecraft.server.MinecraftServer.runServer(MinecraftServer.java:776) [minecraft-patched-26.1.2.71.jar:?]
	at TRANSFORMER/minecraft@26.1.2/net.minecraft.server.MinecraftServer.lambda$spin$0(MinecraftServer.java:300) [minecraft-patched-26.1.2.71.jar:?]
	at java.base/java.lang.Thread.run(Thread.java:1474) [?:?]
[06Aug2026 11:51:24.398] [Server thread/WARN] [net.minecraft.world.level.chunk.LevelChunk/]: Tried to load a block entity for block Block{minecraft:air} but failed at location BlockPos{x=52, y=-47, z=-216}
[06Aug2026 11:51:30.000] [Server thread/INFO] [net.minecraft.server.MinecraftServer/]: [Dev: Applied effect Night Vision to Dev]
[06Aug2026 11:51:30.001] [Render thread/INFO] [net.minecraft.client.gui.components.ChatComponent/]: [System] [CHAT] Applied effect Night Vision to Dev
[06Aug2026 11:51:47.094] [Render thread/WARN] [net.minecraft.client.sounds.SoundEngine/SOUNDS]: Unable to play empty soundEvent: minecraft:entity.tropical_fish.ambient
[06Aug2026 11:52:23.412] [Server thread/INFO] [net.minecraft.server.MinecraftServer/]: [Dev: Killed 122 entities]
[06Aug2026 11:52:23.414] [Render thread/INFO] [net.minecraft.client.gui.components.ChatComponent/]: [System] [CHAT] Killed 122 entities
[06Aug2026 11:52:23.949] [Render thread/INFO] [net.minecraft.advancements.AdvancementTree/]: Loaded 114 advancements
[06Aug2026 11:52:27.796] [Server thread/INFO] [net.minecraft.server.MinecraftServer/]: [Dev: Applied effect Night Vision to Dev]
[06Aug2026 11:52:27.800] [Render thread/INFO] [net.minecraft.client.gui.components.ChatComponent/]: [System] [CHAT] Applied effect Night Vision to Dev
[06Aug2026 11:52:35.282] [Server thread/INFO] [net.minecraft.server.MinecraftServer/]: [Dev: Set own game mode to Survival Mode]
[06Aug2026 11:52:35.284] [Render thread/INFO] [net.minecraft.client.gui.components.ChatComponent/]: [System] [CHAT] Set own game mode to Survival Mode
[06Aug2026 11:52:37.412] [Render thread/INFO] [net.minecraft.client.gui.components.ChatComponent/]: [System] [CHAT] Unable to apply this effect (target is either immune to effects, or has something stronger)
[06Aug2026 11:52:39.357] [Server thread/INFO] [net.minecraft.server.MinecraftServer/]: [Dev: Killed 353 entities]
[06Aug2026 11:52:39.360] [Render thread/INFO] [net.minecraft.client.gui.components.ChatComponent/]: [System] [CHAT] Killed 353 entities
[06Aug2026 11:53:24.882] [Server thread/INFO] [net.minecraft.server.MinecraftServer/]: [Dev: Set own game mode to Creative Mode]
[06Aug2026 11:53:24.885] [Render thread/INFO] [net.minecraft.client.gui.components.ChatComponent/]: [System] [CHAT] Set own game mode to Creative Mode
[06Aug2026 11:53:30.051] [Render thread/INFO] [net.minecraft.advancements.AdvancementTree/]: Loaded 115 advancements
[06Aug2026 11:53:31.682] [Server thread/INFO] [net.minecraft.server.MinecraftServer/]: [Dev: Set own game mode to Survival Mode]
[06Aug2026 11:53:31.684] [Render thread/INFO] [net.minecraft.client.gui.components.ChatComponent/]: [System] [CHAT] Set own game mode to Survival Mode
[06Aug2026 11:53:54.882] [Server thread/INFO] [net.minecraft.server.MinecraftServer/]: [Dev: Set own game mode to Creative Mode]
[06Aug2026 11:53:54.884] [Render thread/INFO] [net.minecraft.client.gui.components.ChatComponent/]: [System] [CHAT] Set own game mode to Creative Mode
[06Aug2026 11:54:00.165] [Server thread/INFO] [net.minecraft.server.MinecraftServer/]: [Dev: Killed 202 entities]
[06Aug2026 11:54:00.165] [Render thread/INFO] [net.minecraft.client.gui.components.ChatComponent/]: [System] [CHAT] Killed 202 entities
[06Aug2026 11:54:04.453] [Server thread/INFO] [net.minecraft.server.MinecraftServer/]: [Dev: Killed 197 entities]
[06Aug2026 11:54:04.453] [Render thread/INFO] [net.minecraft.client.gui.components.ChatComponent/]: [System] [CHAT] Killed 197 entities
[06Aug2026 11:54:05.612] [Server thread/INFO] [net.minecraft.server.MinecraftServer/]: [Dev: Killed 158 entities]
[06Aug2026 11:54:05.613] [Render thread/INFO] [net.minecraft.client.gui.components.ChatComponent/]: [System] [CHAT] Killed 158 entities
[06Aug2026 11:54:06.179] [Server thread/INFO] [net.minecraft.server.MinecraftServer/]: [Dev: Killed 84 entities]
[06Aug2026 11:54:06.179] [Render thread/INFO] [net.minecraft.client.gui.components.ChatComponent/]: [System] [CHAT] Killed 84 entities
[06Aug2026 11:54:07.446] [Server thread/INFO] [net.minecraft.server.MinecraftServer/]: [Dev: Killed 112 entities]
[06Aug2026 11:54:07.446] [Render thread/INFO] [net.minecraft.client.gui.components.ChatComponent/]: [System] [CHAT] Killed 112 entities
[06Aug2026 11:54:08.044] [Server thread/INFO] [net.minecraft.server.MinecraftServer/]: [Dev: Killed 83 entities]
[06Aug2026 11:54:08.045] [Render thread/INFO] [net.minecraft.client.gui.components.ChatComponent/]: [System] [CHAT] Killed 83 entities
[06Aug2026 11:54:08.553] [Server thread/INFO] [net.minecraft.server.MinecraftServer/]: [Dev: Killed 61 entities]
[06Aug2026 11:54:08.555] [Render thread/INFO] [net.minecraft.client.gui.components.ChatComponent/]: [System] [CHAT] Killed 61 entities
[06Aug2026 11:54:09.102] [Server thread/INFO] [net.minecraft.server.MinecraftServer/]: [Dev: Killed 81 entities]
[06Aug2026 11:54:09.104] [Render thread/INFO] [net.minecraft.client.gui.components.ChatComponent/]: [System] [CHAT] Killed 81 entities
[06Aug2026 11:54:10.731] [Server thread/INFO] [net.minecraft.client.server.IntegratedServer/]: Saving and pausing game...
[06Aug2026 11:54:10.820] [Server thread/INFO] [net.minecraft.server.MinecraftServer/]: Saving chunks for level 'ServerLevel[Portal Test]'/minecraft:overworld
[06Aug2026 11:54:10.826] [Server thread/INFO] [net.minecraft.server.MinecraftServer/]: Saving chunks for level 'ServerLevel[Portal Test]'/kristallmodwoichkeinbockdraufhab:kristal_dimension
[06Aug2026 11:54:10.842] [Server thread/INFO] [net.minecraft.server.MinecraftServer/]: Saving chunks for level 'ServerLevel[Portal Test]'/minecraft:the_nether
[06Aug2026 11:54:10.842] [Server thread/INFO] [net.minecraft.server.MinecraftServer/]: Saving chunks for level 'ServerLevel[Portal Test]'/minecraft:the_end
[06Aug2026 11:54:10.842] [Server thread/INFO] [net.minecraft.server.MinecraftServer/]: Saving chunks for level 'ServerLevel[Portal Test]'/kristallmodwoichkeinbockdraufhab:skulk_dimension
[06Aug2026 11:54:43.232] [Server thread/INFO] [net.minecraft.client.server.IntegratedServer/]: Saving and pausing game...
[06Aug2026 11:54:43.243] [Server thread/INFO] [net.minecraft.server.MinecraftServer/]: Saving chunks for level 'ServerLevel[Portal Test]'/minecraft:overworld
[06Aug2026 11:54:43.243] [Server thread/INFO] [net.minecraft.server.MinecraftServer/]: Saving chunks for level 'ServerLevel[Portal Test]'/kristallmodwoichkeinbockdraufhab:kristal_dimension
[06Aug2026 11:54:43.252] [Server thread/INFO] [net.minecraft.server.MinecraftServer/]: Saving chunks for level 'ServerLevel[Portal Test]'/minecraft:the_nether
[06Aug2026 11:54:43.252] [Server thread/INFO] [net.minecraft.server.MinecraftServer/]: Saving chunks for level 'ServerLevel[Portal Test]'/minecraft:the_end
[06Aug2026 11:54:43.252] [Server thread/INFO] [net.minecraft.server.MinecraftServer/]: Saving chunks for level 'ServerLevel[Portal Test]'/kristallmodwoichkeinbockdraufhab:skulk_dimension
[06Aug2026 11:54:44.710] [Render thread/INFO] [net.minecraft.client.renderer.DynamicUniformStorage/]: Resizing Dynamic Transforms UBO, capacity limit of 16 reached during a single frame. New capacity will be 32.
[06Aug2026 11:54:45.181] [Server thread/INFO] [net.minecraft.client.server.IntegratedServer/]: Saving and pausing game...
[06Aug2026 11:54:45.189] [Server thread/INFO] [net.minecraft.server.MinecraftServer/]: Saving chunks for level 'ServerLevel[Portal Test]'/minecraft:overworld
[06Aug2026 11:54:45.190] [Server thread/INFO] [net.minecraft.server.MinecraftServer/]: Saving chunks for level 'ServerLevel[Portal Test]'/kristallmodwoichkeinbockdraufhab:kristal_dimension
[06Aug2026 11:54:45.201] [Server thread/INFO] [net.minecraft.server.MinecraftServer/]: Saving chunks for level 'ServerLevel[Portal Test]'/minecraft:the_nether
[06Aug2026 11:54:45.201] [Server thread/INFO] [net.minecraft.server.MinecraftServer/]: Saving chunks for level 'ServerLevel[Portal Test]'/minecraft:the_end
[06Aug2026 11:54:45.201] [Server thread/INFO] [net.minecraft.server.MinecraftServer/]: Saving chunks for level 'ServerLevel[Portal Test]'/kristallmodwoichkeinbockdraufhab:skulk_dimension
[06Aug2026 11:54:45.731] [Server thread/INFO] [net.minecraft.client.server.IntegratedServer/]: Saving and pausing game...
[06Aug2026 11:54:45.740] [Server thread/INFO] [net.minecraft.server.MinecraftServer/]: Saving chunks for level 'ServerLevel[Portal Test]'/minecraft:overworld
[06Aug2026 11:54:45.741] [Server thread/INFO] [net.minecraft.server.MinecraftServer/]: Saving chunks for level 'ServerLevel[Portal Test]'/kristallmodwoichkeinbockdraufhab:kristal_dimension
[06Aug2026 11:54:45.750] [Server thread/INFO] [net.minecraft.server.MinecraftServer/]: Saving chunks for level 'ServerLevel[Portal Test]'/minecraft:the_nether
[06Aug2026 11:54:45.751] [Server thread/INFO] [net.minecraft.server.MinecraftServer/]: Saving chunks for level 'ServerLevel[Portal Test]'/minecraft:the_end
[06Aug2026 11:54:45.751] [Server thread/INFO] [net.minecraft.server.MinecraftServer/]: Saving chunks for level 'ServerLevel[Portal Test]'/kristallmodwoichkeinbockdraufhab:skulk_dimension
[06Aug2026 11:54:52.383] [Server thread/INFO] [net.minecraft.client.server.IntegratedServer/]: Saving and pausing game...
[06Aug2026 11:54:52.391] [Server thread/INFO] [net.minecraft.server.MinecraftServer/]: Saving chunks for level 'ServerLevel[Portal Test]'/minecraft:overworld
[06Aug2026 11:54:52.392] [Server thread/INFO] [net.minecraft.server.MinecraftServer/]: Saving chunks for level 'ServerLevel[Portal Test]'/kristallmodwoichkeinbockdraufhab:kristal_dimension
[06Aug2026 11:54:52.402] [Server thread/INFO] [net.minecraft.server.MinecraftServer/]: Saving chunks for level 'ServerLevel[Portal Test]'/minecraft:the_nether
[06Aug2026 11:54:52.403] [Server thread/INFO] [net.minecraft.server.MinecraftServer/]: Saving chunks for level 'ServerLevel[Portal Test]'/minecraft:the_end
[06Aug2026 11:54:52.403] [Server thread/INFO] [net.minecraft.server.MinecraftServer/]: Saving chunks for level 'ServerLevel[Portal Test]'/kristallmodwoichkeinbockdraufhab:skulk_dimension
[06Aug2026 11:54:54.433] [Render thread/INFO] [net.minecraft.client.gui.components.ChatComponent/]: [System] [CHAT] Command set: /kill @e[type=!minecraft:player,type=!kristallmodwoichkeinbockdraufhab:krystal_spider ]
[06Aug2026 11:54:54.443] [Server thread/INFO] [net.minecraft.server.MinecraftServer/]: [@: Killed 142 entities]
[06Aug2026 11:54:54.459] [Render thread/INFO] [net.minecraft.client.gui.components.ChatComponent/]: [System] [CHAT] [@: Killed 142 entities]
[06Aug2026 11:54:54.483] [Server thread/INFO] [net.minecraft.server.MinecraftServer/]: [@: Killed 90 entities]
[06Aug2026 11:54:54.491] [Render thread/INFO] [net.minecraft.client.gui.components.ChatComponent/]: [System] [CHAT] [@: Killed 90 entities]
[06Aug2026 11:54:55.484] [Server thread/INFO] [net.minecraft.server.MinecraftServer/]: [@: Killed 32 entities]
[06Aug2026 11:54:55.499] [Render thread/INFO] [net.minecraft.client.gui.components.ChatComponent/]: [System] [CHAT] [@: Killed 32 entities]
[06Aug2026 11:54:55.533] [Server thread/INFO] [net.minecraft.server.MinecraftServer/]: [@: Killed 37 entities]
[06Aug2026 11:54:55.551] [Render thread/INFO] [net.minecraft.client.gui.components.ChatComponent/]: [System] [CHAT] [@: Killed 37 entities]
[06Aug2026 11:54:55.582] [Server thread/INFO] [net.minecraft.server.MinecraftServer/]: [@: Killed 17 entities]
[06Aug2026 11:54:55.598] [Render thread/INFO] [net.minecraft.client.gui.components.ChatComponent/]: [System] [CHAT] [@: Killed 17 entities]
[06Aug2026 11:54:55.633] [Server thread/INFO] [net.minecraft.server.MinecraftServer/]: [@: Killed 6 entities]
[06Aug2026 11:54:55.649] [Render thread/INFO] [net.minecraft.client.gui.components.ChatComponent/]: [System] [CHAT] [@: Killed 6 entities]
[06Aug2026 11:54:55.683] [Server thread/INFO] [net.minecraft.server.MinecraftServer/]: [@: Killed 10 entities]
[06Aug2026 11:54:55.695] [Render thread/INFO] [net.minecraft.client.gui.components.ChatComponent/]: [System] [CHAT] [@: Killed 10 entities]
[06Aug2026 11:54:55.733] [Server thread/INFO] [net.minecraft.server.MinecraftServer/]: [@: Killed 12 entities]
[06Aug2026 11:54:55.747] [Render thread/INFO] [net.minecraft.client.gui.components.ChatComponent/]: [System] [CHAT] [@: Killed 12 entities]
[06Aug2026 11:54:55.783] [Server thread/INFO] [net.minecraft.server.MinecraftServer/]: [@: Killed 8 entities]
[06Aug2026 11:54:55.803] [Render thread/INFO] [net.minecraft.client.gui.components.ChatComponent/]: [System] [CHAT] [@: Killed 8 entities]
[06Aug2026 11:54:55.833] [Server thread/INFO] [net.minecraft.server.MinecraftServer/]: [@: Killed 8 entities]
[06Aug2026 11:54:55.847] [Render thread/INFO] [net.minecraft.client.gui.components.ChatComponent/]: [System] [CHAT] [@: Killed 8 entities]
[06Aug2026 11:54:55.883] [Server thread/INFO] [net.minecraft.server.MinecraftServer/]: [@: Killed 4 entities]
[06Aug2026 11:54:55.897] [Render thread/INFO] [net.minecraft.client.gui.components.ChatComponent/]: [System] [CHAT] [@: Killed 4 entities]
[06Aug2026 11:54:55.933] [Server thread/INFO] [net.minecraft.server.MinecraftServer/]: [@: Killed 3 entities]
[06Aug2026 11:54:55.953] [Render thread/INFO] [net.minecraft.client.gui.components.ChatComponent/]: [System] [CHAT] [@: Killed 3 entities]
[06Aug2026 11:54:55.982] [Server thread/INFO] [net.minecraft.server.MinecraftServer/]: [@: Killed 6 entities]
[06Aug2026 11:54:55.997] [Render thread/INFO] [net.minecraft.client.gui.components.ChatComponent/]: [System] [CHAT] [@: Killed 6 entities]
[06Aug2026 11:54:56.033] [Server thread/INFO] [net.minecraft.server.MinecraftServer/]: [@: Killed 5 entities]
[06Aug2026 11:54:56.045] [Render thread/INFO] [net.minecraft.client.gui.components.ChatComponent/]: [System] [CHAT] [@: Killed 5 entities]
[06Aug2026 11:54:56.082] [Server thread/INFO] [net.minecraft.server.MinecraftServer/]: [@: Killed Gunpowder]
[06Aug2026 11:54:56.098] [Render thread/INFO] [net.minecraft.client.gui.components.ChatComponent/]: [System] [CHAT] [@: Killed Gunpowder]
[06Aug2026 11:54:56.183] [Server thread/INFO] [net.minecraft.server.MinecraftServer/]: [@: Killed 8 entities]
[06Aug2026 11:54:56.199] [Render thread/INFO] [net.minecraft.client.gui.components.ChatComponent/]: [System] [CHAT] [@: Killed 8 entities]
[06Aug2026 11:54:56.233] [Server thread/INFO] [net.minecraft.server.MinecraftServer/]: [@: Killed 6 entities]
[06Aug2026 11:54:56.250] [Render thread/INFO] [net.minecraft.client.gui.components.ChatComponent/]: [System] [CHAT] [@: Killed 6 entities]
[06Aug2026 11:54:56.283] [Server thread/INFO] [net.minecraft.server.MinecraftServer/]: [@: Killed 2 entities]
[06Aug2026 11:54:56.298] [Render thread/INFO] [net.minecraft.client.gui.components.ChatComponent/]: [System] [CHAT] [@: Killed 2 entities]
[06Aug2026 11:54:56.339] [Server thread/INFO] [net.minecraft.server.MinecraftServer/]: [@: Killed 4 entities]
[06Aug2026 11:54:56.355] [Render thread/INFO] [net.minecraft.client.gui.components.ChatComponent/]: [System] [CHAT] [@: Killed 4 entities]
[06Aug2026 11:54:56.383] [Server thread/INFO] [net.minecraft.server.MinecraftServer/]: [@: Killed 10 entities]
[06Aug2026 11:54:56.399] [Render thread/INFO] [net.minecraft.client.gui.components.ChatComponent/]: [System] [CHAT] [@: Killed 10 entities]
[06Aug2026 11:54:56.432] [Server thread/INFO] [net.minecraft.server.MinecraftServer/]: [@: Killed 5 entities]
[06Aug2026 11:54:56.444] [Render thread/INFO] [net.minecraft.client.gui.components.ChatComponent/]: [System] [CHAT] [@: Killed 5 entities]
[06Aug2026 11:54:56.534] [Server thread/INFO] [net.minecraft.server.MinecraftServer/]: [@: Killed 28 entities]
[06Aug2026 11:54:56.552] [Render thread/INFO] [net.minecraft.client.gui.components.ChatComponent/]: [System] [CHAT] [@: Killed 28 entities]
[06Aug2026 11:54:56.583] [Server thread/INFO] [net.minecraft.server.MinecraftServer/]: [@: Killed 39 entities]
[06Aug2026 11:54:56.604] [Render thread/INFO] [net.minecraft.client.gui.components.ChatComponent/]: [System] [CHAT] [@: Killed 39 entities]
[06Aug2026 11:54:56.632] [Server thread/INFO] [net.minecraft.server.MinecraftServer/]: [@: Killed 17 entities]
[06Aug2026 11:54:56.646] [Render thread/INFO] [net.minecraft.client.gui.components.ChatComponent/]: [System] [CHAT] [@: Killed 17 entities]
[06Aug2026 11:54:56.682] [Server thread/INFO] [net.minecraft.server.MinecraftServer/]: [@: Killed 8 entities]
[06Aug2026 11:54:56.697] [Render thread/INFO] [net.minecraft.client.gui.components.ChatComponent/]: [System] [CHAT] [@: Killed 8 entities]
[06Aug2026 11:54:56.732] [Server thread/INFO] [net.minecraft.server.MinecraftServer/]: [@: Killed 9 entities]
[06Aug2026 11:54:56.746] [Render thread/INFO] [net.minecraft.client.gui.components.ChatComponent/]: [System] [CHAT] [@: Killed 9 entities]
[06Aug2026 11:54:56.782] [Server thread/INFO] [net.minecraft.server.MinecraftServer/]: [@: Killed 5 entities]
[06Aug2026 11:54:56.797] [Render thread/INFO] [net.minecraft.client.gui.components.ChatComponent/]: [System] [CHAT] [@: Killed 5 entities]
[06Aug2026 11:54:56.833] [Server thread/INFO] [net.minecraft.server.MinecraftServer/]: [@: Killed 8 entities]
[06Aug2026 11:54:56.848] [Render thread/INFO] [net.minecraft.client.gui.components.ChatComponent/]: [System] [CHAT] [@: Killed 8 entities]
[06Aug2026 11:54:56.882] [Server thread/INFO] [net.minecraft.server.MinecraftServer/]: [@: Killed 6 entities]
[06Aug2026 11:54:56.897] [Render thread/INFO] [net.minecraft.client.gui.components.ChatComponent/]: [System] [CHAT] [@: Killed 6 entities]
[06Aug2026 11:54:56.933] [Server thread/INFO] [net.minecraft.server.MinecraftServer/]: [@: Killed 5 entities]
[06Aug2026 11:54:56.947] [Render thread/INFO] [net.minecraft.client.gui.components.ChatComponent/]: [System] [CHAT] [@: Killed 5 entities]
[06Aug2026 11:54:56.982] [Server thread/INFO] [net.minecraft.server.MinecraftServer/]: [@: Killed 8 entities]
[06Aug2026 11:54:56.997] [Render thread/INFO] [net.minecraft.client.gui.components.ChatComponent/]: [System] [CHAT] [@: Killed 8 entities]
[06Aug2026 11:54:57.033] [Server thread/INFO] [net.minecraft.server.MinecraftServer/]: [@: Killed 7 entities]
[06Aug2026 11:54:57.048] [Render thread/INFO] [net.minecraft.client.gui.components.ChatComponent/]: [System] [CHAT] [@: Killed 7 entities]
[06Aug2026 11:54:57.082] [Server thread/INFO] [net.minecraft.server.MinecraftServer/]: [@: Killed 8 entities]
[06Aug2026 11:54:57.097] [Render thread/INFO] [net.minecraft.client.gui.components.ChatComponent/]: [System] [CHAT] [@: Killed 8 entities]
[06Aug2026 11:54:57.132] [Server thread/INFO] [net.minecraft.server.MinecraftServer/]: [@: Killed 7 entities]
[06Aug2026 11:54:57.146] [Render thread/INFO] [net.minecraft.client.gui.components.ChatComponent/]: [System] [CHAT] [@: Killed 7 entities]
[06Aug2026 11:54:57.182] [Server thread/INFO] [net.minecraft.server.MinecraftServer/]: [@: Killed 4 entities]
[06Aug2026 11:54:57.197] [Render thread/INFO] [net.minecraft.client.gui.components.ChatComponent/]: [System] [CHAT] [@: Killed 4 entities]
[06Aug2026 11:54:57.232] [Server thread/INFO] [net.minecraft.server.MinecraftServer/]: [@: Killed 3 entities]
[06Aug2026 11:54:57.243] [Render thread/INFO] [net.minecraft.client.gui.components.ChatComponent/]: [System] [CHAT] [@: Killed 3 entities]
[06Aug2026 11:54:57.282] [Server thread/INFO] [net.minecraft.server.MinecraftServer/]: [@: Killed 6 entities]
[06Aug2026 11:54:57.298] [Render thread/INFO] [net.minecraft.client.gui.components.ChatComponent/]: [System] [CHAT] [@: Killed 6 entities]
[06Aug2026 11:54:57.332] [Server thread/INFO] [net.minecraft.server.MinecraftServer/]: [@: Killed 4 entities]
[06Aug2026 11:54:57.348] [Render thread/INFO] [net.minecraft.client.gui.components.ChatComponent/]: [System] [CHAT] [@: Killed 4 entities]
[06Aug2026 11:54:57.382] [Server thread/INFO] [net.minecraft.server.MinecraftServer/]: [@: Killed 8 entities]
[06Aug2026 11:54:57.393] [Render thread/INFO] [net.minecraft.client.gui.components.ChatComponent/]: [System] [CHAT] [@: Killed 8 entities]
[06Aug2026 11:54:57.432] [Server thread/INFO] [net.minecraft.server.MinecraftServer/]: [@: Killed 5 entities]
[06Aug2026 11:54:57.445] [Render thread/INFO] [net.minecraft.client.gui.components.ChatComponent/]: [System] [CHAT] [@: Killed 5 entities]
[06Aug2026 11:54:57.482] [Server thread/INFO] [net.minecraft.server.MinecraftServer/]: [@: Killed 5 entities]
[06Aug2026 11:54:57.493] [Render thread/INFO] [net.minecraft.client.gui.components.ChatComponent/]: [System] [CHAT] [@: Killed 5 entities]
[06Aug2026 11:54:57.532] [Server thread/INFO] [net.minecraft.server.MinecraftServer/]: [@: Killed 6 entities]
[06Aug2026 11:54:57.546] [Render thread/INFO] [net.minecraft.client.gui.components.ChatComponent/]: [System] [CHAT] [@: Killed 6 entities]
[06Aug2026 11:54:57.583] [Server thread/INFO] [net.minecraft.server.MinecraftServer/]: [@: Killed 25 entities]
[06Aug2026 11:54:57.597] [Render thread/INFO] [net.minecraft.client.gui.components.ChatComponent/]: [System] [CHAT] [@: Killed 25 entities]
[06Aug2026 11:54:57.633] [Server thread/INFO] [net.minecraft.server.MinecraftServer/]: [@: Killed 31 entities]
[06Aug2026 11:54:57.654] [Render thread/INFO] [net.minecraft.client.gui.components.ChatComponent/]: [System] [CHAT] [@: Killed 31 entities]
[06Aug2026 11:54:57.683] [Server thread/INFO] [net.minecraft.server.MinecraftServer/]: [@: Killed 19 entities]
[06Aug2026 11:54:57.698] [Render thread/INFO] [net.minecraft.client.gui.components.ChatComponent/]: [System] [CHAT] [@: Killed 19 entities]
[06Aug2026 11:54:57.732] [Server thread/INFO] [net.minecraft.server.MinecraftServer/]: [@: Killed 10 entities]
[06Aug2026 11:54:57.747] [Render thread/INFO] [net.minecraft.client.gui.components.ChatComponent/]: [System] [CHAT] [@: Killed 10 entities]
[06Aug2026 11:54:57.782] [Server thread/INFO] [net.minecraft.server.MinecraftServer/]: [@: Killed Rotten Flesh]
[06Aug2026 11:54:57.798] [Render thread/INFO] [net.minecraft.client.gui.components.ChatComponent/]: [System] [CHAT] [@: Killed Rotten Flesh]
[06Aug2026 11:54:57.832] [Server thread/INFO] [net.minecraft.server.MinecraftServer/]: [@: Killed 2 entities]
[06Aug2026 11:54:57.845] [Render thread/INFO] [net.minecraft.client.gui.components.ChatComponent/]: [System] [CHAT] [@: Killed 2 entities]
[06Aug2026 11:54:57.882] [Server thread/INFO] [net.minecraft.server.MinecraftServer/]: [@: Killed 3 entities]
[06Aug2026 11:54:57.901] [Render thread/INFO] [net.minecraft.client.gui.components.ChatComponent/]: [System] [CHAT] [@: Killed 3 entities]
[06Aug2026 11:54:57.933] [Server thread/INFO] [net.minecraft.server.MinecraftServer/]: [@: Killed 6 entities]
[06Aug2026 11:54:57.952] [Render thread/INFO] [net.minecraft.client.gui.components.ChatComponent/]: [System] [CHAT] [@: Killed 6 entities]
[06Aug2026 11:54:57.982] [Server thread/INFO] [net.minecraft.client.server.IntegratedServer/]: Saving and pausing game...
[06Aug2026 11:54:57.991] [Server thread/INFO] [net.minecraft.server.MinecraftServer/]: Saving chunks for level 'ServerLevel[Portal Test]'/minecraft:overworld
[06Aug2026 11:54:57.992] [Server thread/INFO] [net.minecraft.server.MinecraftServer/]: Saving chunks for level 'ServerLevel[Portal Test]'/kristallmodwoichkeinbockdraufhab:kristal_dimension
[06Aug2026 11:54:58.000] [Server thread/INFO] [net.minecraft.server.MinecraftServer/]: Saving chunks for level 'ServerLevel[Portal Test]'/minecraft:the_nether
[06Aug2026 11:54:58.001] [Server thread/INFO] [net.minecraft.server.MinecraftServer/]: Saving chunks for level 'ServerLevel[Portal Test]'/minecraft:the_end
[06Aug2026 11:54:58.001] [Server thread/INFO] [net.minecraft.server.MinecraftServer/]: Saving chunks for level 'ServerLevel[Portal Test]'/kristallmodwoichkeinbockdraufhab:skulk_dimension
[06Aug2026 11:55:00.183] [Render thread/INFO] [net.minecraft.client.gui.components.ChatComponent/]: [System] [CHAT] Command set: /kill @e[type=!minecraft:player,type=!kristallmodwoichkeinbockdraufhab:krystal_spider ]
[06Aug2026 11:55:03.082] [Server thread/INFO] [net.minecraft.server.MinecraftServer/]: [Dev: Set own game mode to Survival Mode]
[06Aug2026 11:55:03.083] [Render thread/INFO] [net.minecraft.client.gui.components.ChatComponent/]: [System] [CHAT] Set own game mode to Survival Mode
[06Aug2026 11:55:17.582] [Server thread/INFO] [net.minecraft.server.MinecraftServer/]: [Dev: Set own game mode to Creative Mode]
[06Aug2026 11:55:17.584] [Render thread/INFO] [net.minecraft.client.gui.components.ChatComponent/]: [System] [CHAT] Set own game mode to Creative Mode
[06Aug2026 11:55:17.782] [Server thread/INFO] [net.minecraft.client.server.IntegratedServer/]: Saving and pausing game...
[06Aug2026 11:55:17.792] [Server thread/INFO] [net.minecraft.server.MinecraftServer/]: Saving chunks for level 'ServerLevel[Portal Test]'/minecraft:overworld
[06Aug2026 11:55:17.792] [Server thread/INFO] [net.minecraft.server.MinecraftServer/]: Saving chunks for level 'ServerLevel[Portal Test]'/kristallmodwoichkeinbockdraufhab:kristal_dimension
[06Aug2026 11:55:17.801] [Server thread/INFO] [net.minecraft.server.MinecraftServer/]: Saving chunks for level 'ServerLevel[Portal Test]'/minecraft:the_nether
[06Aug2026 11:55:17.802] [Server thread/INFO] [net.minecraft.server.MinecraftServer/]: Saving chunks for level 'ServerLevel[Portal Test]'/minecraft:the_end
[06Aug2026 11:55:17.802] [Server thread/INFO] [net.minecraft.server.MinecraftServer/]: Saving chunks for level 'ServerLevel[Portal Test]'/kristallmodwoichkeinbockdraufhab:skulk_dimension
[06Aug2026 11:55:32.285] [Render thread/INFO] [net.minecraft.client.gui.components.ChatComponent/]: [System] [CHAT] Command set: /kill @e[type=!minecraft:player,type=!kristallmodwoichkeinbockdraufhab:krystal_spider, type= !minecraft:splash_potion ]
[06Aug2026 11:55:34.232] [Server thread/INFO] [net.minecraft.server.MinecraftServer/]: [Dev: Set own game mode to Survival Mode]
[06Aug2026 11:55:34.234] [Render thread/INFO] [net.minecraft.client.gui.components.ChatComponent/]: [System] [CHAT] Set own game mode to Survival Mode
[06Aug2026 11:55:37.532] [Server thread/INFO] [net.minecraft.server.MinecraftServer/]: [Dev: Set own game mode to Creative Mode]
[06Aug2026 11:55:37.534] [Render thread/INFO] [net.minecraft.client.gui.components.ChatComponent/]: [System] [CHAT] Set own game mode to Creative Mode
[06Aug2026 11:55:42.232] [Server thread/INFO] [net.minecraft.server.MinecraftServer/]: [Dev: Set own game mode to Survival Mode]
[06Aug2026 11:55:42.234] [Render thread/INFO] [net.minecraft.client.gui.components.ChatComponent/]: [System] [CHAT] Set own game mode to Survival Mode
[06Aug2026 11:55:59.832] [Server thread/INFO] [net.minecraft.server.MinecraftServer/]: [Dev: Set own game mode to Creative Mode]
[06Aug2026 11:55:59.833] [Render thread/INFO] [net.minecraft.client.gui.components.ChatComponent/]: [System] [CHAT] Set own game mode to Creative Mode
[06Aug2026 11:56:00.032] [Server thread/INFO] [net.minecraft.client.server.IntegratedServer/]: Saving and pausing game...
[06Aug2026 11:56:00.041] [Server thread/INFO] [net.minecraft.server.MinecraftServer/]: Saving chunks for level 'ServerLevel[Portal Test]'/minecraft:overworld
[06Aug2026 11:56:00.041] [Server thread/INFO] [net.minecraft.server.MinecraftServer/]: Saving chunks for level 'ServerLevel[Portal Test]'/kristallmodwoichkeinbockdraufhab:kristal_dimension
[06Aug2026 11:56:00.049] [Server thread/INFO] [net.minecraft.server.MinecraftServer/]: Saving chunks for level 'ServerLevel[Portal Test]'/minecraft:the_nether
[06Aug2026 11:56:00.050] [Server thread/INFO] [net.minecraft.server.MinecraftServer/]: Saving chunks for level 'ServerLevel[Portal Test]'/minecraft:the_end
[06Aug2026 11:56:00.050] [Server thread/INFO] [net.minecraft.server.MinecraftServer/]: Saving chunks for level 'ServerLevel[Portal Test]'/kristallmodwoichkeinbockdraufhab:skulk_dimension
[06Aug2026 11:56:20.433] [Render thread/INFO] [net.minecraft.client.gui.components.ChatComponent/]: [System] [CHAT] Command set: /kill @e[type=!minecraft:player,type=!kristallmodwoichkeinbockdraufhab:krystal_spider, type= !minecraft:splash_potion, type=!kristallmodwoichkeinbockdraufhab:flying_amethyst_sharf ]
[06Aug2026 11:56:22.282] [Server thread/INFO] [net.minecraft.server.MinecraftServer/]: [Dev: Set own game mode to Survival Mode]
[06Aug2026 11:56:22.284] [Render thread/INFO] [net.minecraft.client.gui.components.ChatComponent/]: [System] [CHAT] Set own game mode to Survival Mode
[06Aug2026 11:56:50.144] [Server thread/INFO] [net.minecraft.server.MinecraftServer/]: Dev was shot by Krystal Spider
[06Aug2026 11:56:50.150] [Render thread/INFO] [net.minecraft.client.gui.components.ChatComponent/]: [System] [CHAT] Dev was shot by Krystal Spider
[06Aug2026 11:56:57.927] [Server thread/INFO] [net.minecraft.server.MinecraftServer/]: [Dev: Changed the block at 6, 64, -6]
[06Aug2026 11:56:57.928] [Render thread/INFO] [net.minecraft.client.gui.components.ChatComponent/]: [System] [CHAT] Changed the block at 6, 64, -6
[06Aug2026 11:57:01.248] [Server thread/INFO] [net.minecraft.server.MinecraftServer/]: [Dev: Applied effect Night Vision to Dev]
[06Aug2026 11:57:01.249] [Render thread/INFO] [net.minecraft.client.gui.components.ChatComponent/]: [System] [CHAT] Applied effect Night Vision to Dev
[06Aug2026 11:57:04.232] [Server thread/INFO] [net.minecraft.server.MinecraftServer/]: [Dev: Set own game mode to Spectator Mode]
[06Aug2026 11:57:04.233] [Render thread/INFO] [net.minecraft.client.gui.components.ChatComponent/]: [System] [CHAT] Set own game mode to Spectator Mode
[06Aug2026 11:57:13.156] [Render thread/INFO] [net.minecraft.client.renderer.DynamicUniformStorage/]: Resizing Chunk Sections UBO, capacity limit of 2048 reached during a single frame. New capacity will be 4096.
[06Aug2026 11:57:16.082] [Server thread/INFO] [net.minecraft.server.MinecraftServer/]: [Dev: Set own game mode to Survival Mode]
[06Aug2026 11:57:16.083] [Render thread/INFO] [net.minecraft.client.gui.components.ChatComponent/]: [System] [CHAT] Set own game mode to Survival Mode
[06Aug2026 11:57:40.832] [Server thread/INFO] [net.minecraft.server.MinecraftServer/]: [Dev: Set own game mode to Spectator Mode]
[06Aug2026 11:57:40.835] [Render thread/INFO] [net.minecraft.client.gui.components.ChatComponent/]: [System] [CHAT] Set own game mode to Spectator Mode
[06Aug2026 11:57:43.032] [Server thread/INFO] [net.minecraft.server.MinecraftServer/]: [Dev: Set own game mode to Creative Mode]
[06Aug2026 11:57:43.032] [Render thread/INFO] [net.minecraft.client.gui.components.ChatComponent/]: [System] [CHAT] Set own game mode to Creative Mode
[06Aug2026 11:57:49.932] [Server thread/INFO] [net.minecraft.server.MinecraftServer/]: [Dev: Set own game mode to Survival Mode]
[06Aug2026 11:57:49.933] [Render thread/INFO] [net.minecraft.client.gui.components.ChatComponent/]: [System] [CHAT] Set own game mode to Survival Mode
[06Aug2026 11:58:27.582] [Server thread/INFO] [net.minecraft.server.MinecraftServer/]: [Dev: Set own game mode to Creative Mode]
[06Aug2026 11:58:27.584] [Render thread/INFO] [net.minecraft.client.gui.components.ChatComponent/]: [System] [CHAT] Set own game mode to Creative Mode
[06Aug2026 11:58:37.532] [Server thread/INFO] [net.minecraft.server.MinecraftServer/]: [Dev: Set own game mode to Survival Mode]
[06Aug2026 11:58:37.534] [Render thread/INFO] [net.minecraft.client.gui.components.ChatComponent/]: [System] [CHAT] Set own game mode to Survival Mode
[06Aug2026 11:58:51.714] [Render thread/INFO] [net.minecraft.client.gui.components.ChatComponent/]: [System] [CHAT] Unknown or incomplete command. See below for error
[06Aug2026 11:58:51.714] [Render thread/INFO] [net.minecraft.client.gui.components.ChatComponent/]: [System] [CHAT] enchant @a<--[HERE]
[06Aug2026 11:59:01.018] [Server thread/INFO] [net.minecraft.server.MinecraftServer/]: [Dev: Applied enchantment Loyalty III to Dev's item]
[06Aug2026 11:59:01.020] [Render thread/INFO] [net.minecraft.client.gui.components.ChatComponent/]: [System] [CHAT] Applied enchantment Loyalty III to Dev's item
[06Aug2026 11:59:09.982] [Server thread/INFO] [net.minecraft.server.MinecraftServer/]: [Dev: Set own game mode to Creative Mode]
[06Aug2026 11:59:09.983] [Render thread/INFO] [net.minecraft.client.gui.components.ChatComponent/]: [System] [CHAT] Set own game mode to Creative Mode
[06Aug2026 12:00:04.582] [Server thread/INFO] [net.minecraft.server.MinecraftServer/]: [Dev: Set own game mode to Survival Mode]
[06Aug2026 12:00:04.583] [Render thread/INFO] [net.minecraft.client.gui.components.ChatComponent/]: [System] [CHAT] Set own game mode to Survival Mode
[06Aug2026 12:00:05.482] [Server thread/INFO] [net.minecraft.server.MinecraftServer/]: [Dev: Set own game mode to Creative Mode]
[06Aug2026 12:00:05.482] [Render thread/INFO] [net.minecraft.client.gui.components.ChatComponent/]: [System] [CHAT] Set own game mode to Creative Mode
[06Aug2026 12:00:08.345] [Render thread/INFO] [net.minecraft.advancements.AdvancementTree/]: Loaded 133 advancements
[06Aug2026 12:00:12.432] [Server thread/INFO] [net.minecraft.server.MinecraftServer/]: [Dev: Set own game mode to Survival Mode]
[06Aug2026 12:00:12.433] [Render thread/INFO] [net.minecraft.client.gui.components.ChatComponent/]: [System] [CHAT] Set own game mode to Survival Mode
[06Aug2026 12:01:30.032] [Server thread/INFO] [net.minecraft.server.MinecraftServer/]: [Dev: Set own game mode to Creative Mode]
[06Aug2026 12:01:30.033] [Render thread/INFO] [net.minecraft.client.gui.components.ChatComponent/]: [System] [CHAT] Set own game mode to Creative Mode
[06Aug2026 12:01:34.082] [Server thread/INFO] [net.minecraft.server.MinecraftServer/]: [Dev: Set own game mode to Survival Mode]
[06Aug2026 12:01:34.083] [Render thread/INFO] [net.minecraft.client.gui.components.ChatComponent/]: [System] [CHAT] Set own game mode to Survival Mode
[06Aug2026 12:02:02.945] [Server thread/INFO] [net.minecraft.server.MinecraftServer/]: Dev was shot by Krystal Spider
[06Aug2026 12:02:02.951] [Render thread/INFO] [net.minecraft.client.gui.components.ChatComponent/]: [System] [CHAT] Dev was shot by Krystal Spider
[06Aug2026 12:02:07.506] [Render thread/INFO] [net.minecraft.client.gui.components.ChatComponent/]: [System] [CHAT] Glass Bottle cannot support that enchantment
[06Aug2026 12:02:11.355] [Server thread/INFO] [net.minecraft.server.MinecraftServer/]: [Dev: Applied effect Night Vision to Dev]
[06Aug2026 12:02:11.356] [Render thread/INFO] [net.minecraft.client.gui.components.ChatComponent/]: [System] [CHAT] Applied effect Night Vision to Dev
[06Aug2026 12:02:13.414] [Server thread/INFO] [net.minecraft.server.MinecraftServer/]: [Dev: Changed the block at -8, 66, 14]
[06Aug2026 12:02:13.415] [Render thread/INFO] [net.minecraft.client.gui.components.ChatComponent/]: [System] [CHAT] Changed the block at -8, 66, 14
[06Aug2026 12:02:17.384] [Server thread/INFO] [net.minecraft.server.MinecraftServer/]: [Dev: Set own game mode to Creative Mode]
[06Aug2026 12:02:17.388] [Render thread/INFO] [net.minecraft.client.gui.components.ChatComponent/]: [System] [CHAT] Set own game mode to Creative Mode
[06Aug2026 12:03:14.079] [Server thread/INFO] [net.minecraft.server.MinecraftServer/]: [Dev: Applied enchantment Density I to Dev's item]
[06Aug2026 12:03:14.080] [Render thread/INFO] [net.minecraft.client.gui.components.ChatComponent/]: [System] [CHAT] Applied enchantment Density I to Dev's item
[06Aug2026 12:03:22.380] [Server thread/INFO] [net.minecraft.server.MinecraftServer/]: [Dev: Applied enchantment Density V to Dev's item]
[06Aug2026 12:03:22.381] [Render thread/INFO] [net.minecraft.client.gui.components.ChatComponent/]: [System] [CHAT] Applied enchantment Density V to Dev's item
[06Aug2026 12:03:34.842] [Server thread/INFO] [net.minecraft.server.MinecraftServer/]: [Dev: Applied enchantment Wind Burst III to Dev's item]
[06Aug2026 12:03:34.843] [Render thread/INFO] [net.minecraft.client.gui.components.ChatComponent/]: [System] [CHAT] Applied enchantment Wind Burst III to Dev's item
[06Aug2026 12:03:39.682] [Server thread/INFO] [net.minecraft.server.MinecraftServer/]: Dev has completed the challenge [Over-Overkill]
[06Aug2026 12:03:39.684] [Render thread/INFO] [net.minecraft.client.gui.components.ChatComponent/]: [System] [CHAT] Dev has completed the challenge [Over-Overkill]
[06Aug2026 12:03:39.712] [Render thread/INFO] [net.minecraft.advancements.AdvancementTree/]: Loaded 133 advancements
[06Aug2026 12:06:25.232] [Server thread/INFO] [net.minecraft.server.MinecraftServer/]: [Dev: Set own game mode to Survival Mode]
[06Aug2026 12:06:25.233] [Render thread/INFO] [net.minecraft.client.gui.components.ChatComponent/]: [System] [CHAT] Set own game mode to Survival Mode
[06Aug2026 12:06:35.929] [Server thread/INFO] [net.minecraft.server.MinecraftServer/]: [Dev: Teleported Dev to 29.654958, 79.000000, -56.031530]
[06Aug2026 12:06:35.932] [Render thread/INFO] [net.minecraft.client.gui.components.ChatComponent/]: [System] [CHAT] Teleported Dev to 29.654958, 79.000000, -56.031530
[06Aug2026 12:06:39.642] [Server thread/INFO] [net.minecraft.server.MinecraftServer/]: [Dev: Teleported Dev to 29.654958, 79.000000, -56.031530]
[06Aug2026 12:06:39.644] [Render thread/INFO] [net.minecraft.client.gui.components.ChatComponent/]: [System] [CHAT] Teleported Dev to 29.654958, 79.000000, -56.031530
[06Aug2026 12:06:40.682] [Server thread/INFO] [net.minecraft.server.MinecraftServer/]: Dev fell from a high place
[06Aug2026 12:06:40.684] [Render thread/INFO] [net.minecraft.client.gui.components.ChatComponent/]: [System] [CHAT] Dev fell from a high place
[06Aug2026 12:06:44.492] [Server thread/INFO] [net.minecraft.server.MinecraftServer/]: [Dev: Teleported Dev to -1.853579, 80.000000, 5.711180]
[06Aug2026 12:06:44.496] [Render thread/INFO] [net.minecraft.client.gui.components.ChatComponent/]: [System] [CHAT] Teleported Dev to -1.853579, 80.000000, 5.711180
[06Aug2026 12:06:57.331] [Server thread/INFO] [net.minecraft.client.server.IntegratedServer/]: Saving and pausing game...
[06Aug2026 12:06:57.343] [Server thread/INFO] [net.minecraft.server.MinecraftServer/]: Saving chunks for level 'ServerLevel[Portal Test]'/minecraft:overworld
[06Aug2026 12:06:57.343] [Server thread/INFO] [net.minecraft.server.MinecraftServer/]: Saving chunks for level 'ServerLevel[Portal Test]'/kristallmodwoichkeinbockdraufhab:kristal_dimension
[06Aug2026 12:06:57.453] [Server thread/INFO] [net.minecraft.server.MinecraftServer/]: Saving chunks for level 'ServerLevel[Portal Test]'/minecraft:the_nether
[06Aug2026 12:06:57.453] [Server thread/INFO] [net.minecraft.server.MinecraftServer/]: Saving chunks for level 'ServerLevel[Portal Test]'/minecraft:the_end
[06Aug2026 12:06:57.453] [Server thread/INFO] [net.minecraft.server.MinecraftServer/]: Saving chunks for level 'ServerLevel[Portal Test]'/kristallmodwoichkeinbockdraufhab:skulk_dimension
[06Aug2026 12:06:57.882] [Server thread/INFO] [net.minecraft.server.MinecraftServer/]: Stopping server
[06Aug2026 12:06:57.882] [Server thread/INFO] [net.minecraft.server.MinecraftServer/]: Saving players
[06Aug2026 12:06:57.890] [Server thread/INFO] [net.minecraft.server.network.ServerGamePacketListenerImpl/]: Dev lost connection: Disconnected
[06Aug2026 12:06:57.890] [Server thread/INFO] [net.minecraft.server.MinecraftServer/]: Dev left the game
[06Aug2026 12:06:57.897] [Server thread/INFO] [net.minecraft.server.network.ServerCommonPacketListenerImpl/]: Stopping singleplayer server as player logged out
[06Aug2026 12:06:57.897] [Server thread/INFO] [net.minecraft.server.MinecraftServer/]: Saving worlds
[06Aug2026 12:06:57.983] [Server thread/INFO] [net.minecraft.server.MinecraftServer/]: Saving chunks for level 'ServerLevel[Portal Test]'/minecraft:overworld
[06Aug2026 12:06:58.009] [Server thread/INFO] [net.minecraft.server.MinecraftServer/]: Saving chunks for level 'ServerLevel[Portal Test]'/kristallmodwoichkeinbockdraufhab:kristal_dimension
[06Aug2026 12:06:58.109] [Server thread/INFO] [net.minecraft.server.MinecraftServer/]: Saving chunks for level 'ServerLevel[Portal Test]'/minecraft:the_nether
[06Aug2026 12:06:58.112] [Server thread/INFO] [net.minecraft.server.MinecraftServer/]: Saving chunks for level 'ServerLevel[Portal Test]'/minecraft:the_end
[06Aug2026 12:06:58.114] [Server thread/INFO] [net.minecraft.server.MinecraftServer/]: Saving chunks for level 'ServerLevel[Portal Test]'/kristallmodwoichkeinbockdraufhab:skulk_dimension
[06Aug2026 12:06:58.120] [Server thread/INFO] [net.minecraft.server.MinecraftServer/]: ThreadedAnvilChunkStorage (world): All chunks are saved
[06Aug2026 12:06:58.120] [Server thread/INFO] [net.minecraft.server.MinecraftServer/]: ThreadedAnvilChunkStorage (kristal_dimension): All chunks are saved
[06Aug2026 12:06:58.120] [Server thread/INFO] [net.minecraft.server.MinecraftServer/]: ThreadedAnvilChunkStorage (DIM-1): All chunks are saved
[06Aug2026 12:06:58.121] [Server thread/INFO] [net.minecraft.server.MinecraftServer/]: ThreadedAnvilChunkStorage (DIM1): All chunks are saved
[06Aug2026 12:06:58.121] [Server thread/INFO] [net.minecraft.server.MinecraftServer/]: ThreadedAnvilChunkStorage (skulk_dimension): All chunks are saved
[06Aug2026 12:06:58.121] [Server thread/INFO] [net.minecraft.server.MinecraftServer/]: ThreadedAnvilChunkStorage: All dimensions are saved
[06Aug2026 12:06:58.597] [Render thread/INFO] [net.minecraft.client.Minecraft/]: Stopping!
